Archive member included to satisfy reference by file (symbol)

c:/progra~1/gcc-ar~1/bin/../lib/gcc/arm-none-eabi/9.2.1/thumb/v7e-m+fp/hard\libgcc.a(_arm_muldf3.o)
                              CMakeFiles/M3508_F405RGT6.elf.dir/User/ADRC/ADRC.c.obj (__aeabi_dmul)
c:/progra~1/gcc-ar~1/bin/../lib/gcc/arm-none-eabi/9.2.1/thumb/v7e-m+fp/hard\libgcc.a(_arm_addsubdf3.o)
                              CMakeFiles/M3508_F405RGT6.elf.dir/User/ADRC/ADRC.c.obj (__aeabi_dsub)
c:/progra~1/gcc-ar~1/bin/../lib/gcc/arm-none-eabi/9.2.1/thumb/v7e-m+fp/hard\libgcc.a(_arm_muldivdf3.o)
                              CMakeFiles/M3508_F405RGT6.elf.dir/User/ADRC/ADRC.c.obj (__aeabi_ddiv)
c:/progra~1/gcc-ar~1/bin/../lib/gcc/arm-none-eabi/9.2.1/thumb/v7e-m+fp/hard\libgcc.a(_arm_cmpdf2.o)
                              CMakeFiles/M3508_F405RGT6.elf.dir/User/ADRC/ADRC.c.obj (__aeabi_dcmplt)
c:/progra~1/gcc-ar~1/bin/../lib/gcc/arm-none-eabi/9.2.1/thumb/v7e-m+fp/hard\libgcc.a(_arm_fixdfsi.o)
                              CMakeFiles/M3508_F405RGT6.elf.dir/User/CAN_Recv/CAN_Recv.c.obj (__aeabi_d2iz)
c:/progra~1/gcc-ar~1/bin/../lib/gcc/arm-none-eabi/9.2.1/thumb/v7e-m+fp/hard\libgcc.a(_arm_truncdfsf2.o)
                              CMakeFiles/M3508_F405RGT6.elf.dir/User/PID/PID.c.obj (__aeabi_d2f)
c:/progra~1/gcc-ar~1/bin/../lib/gcc/arm-none-eabi/9.2.1/thumb/v7e-m+fp/hard\libgcc.a(_aeabi_uldivmod.o)
                              CMakeFiles/M3508_F405RGT6.elf.dir/Drivers/STM32F4xx_HAL_Driver/Src/stm32f4xx_hal_rcc.c.obj (__aeabi_uldivmod)
c:/progra~1/gcc-ar~1/bin/../lib/gcc/arm-none-eabi/9.2.1/thumb/v7e-m+fp/hard\libgcc.a(_udivmoddi4.o)
                              c:/progra~1/gcc-ar~1/bin/../lib/gcc/arm-none-eabi/9.2.1/thumb/v7e-m+fp/hard\libgcc.a(_aeabi_uldivmod.o) (__udivmoddi4)
c:/progra~1/gcc-ar~1/bin/../lib/gcc/arm-none-eabi/9.2.1/thumb/v7e-m+fp/hard\libgcc.a(_dvmd_tls.o)
                              c:/progra~1/gcc-ar~1/bin/../lib/gcc/arm-none-eabi/9.2.1/thumb/v7e-m+fp/hard\libgcc.a(_aeabi_uldivmod.o) (__aeabi_ldiv0)
c:/progra~1/gcc-ar~1/bin/../lib/gcc/arm-none-eabi/9.2.1/../../../../arm-none-eabi/lib/thumb/v7e-m+fp/hard\libg.a(lib_a-errno.o)
                              CMakeFiles/M3508_F405RGT6.elf.dir/Core/Src/syscalls.c.obj (__errno)
c:/progra~1/gcc-ar~1/bin/../lib/gcc/arm-none-eabi/9.2.1/../../../../arm-none-eabi/lib/thumb/v7e-m+fp/hard\libg.a(lib_a-exit.o)
                              c:/progra~1/gcc-ar~1/bin/../lib/gcc/arm-none-eabi/9.2.1/../../../../arm-none-eabi/lib/thumb/v7e-m+fp/hard/crt0.o (exit)
c:/progra~1/gcc-ar~1/bin/../lib/gcc/arm-none-eabi/9.2.1/../../../../arm-none-eabi/lib/thumb/v7e-m+fp/hard\libg.a(lib_a-impure.o)
                              c:/progra~1/gcc-ar~1/bin/../lib/gcc/arm-none-eabi/9.2.1/../../../../arm-none-eabi/lib/thumb/v7e-m+fp/hard\libg.a(lib_a-exit.o) (_global_impure_ptr)
c:/progra~1/gcc-ar~1/bin/../lib/gcc/arm-none-eabi/9.2.1/../../../../arm-none-eabi/lib/thumb/v7e-m+fp/hard\libg.a(lib_a-init.o)
                              c:/progra~1/gcc-ar~1/bin/../lib/gcc/arm-none-eabi/9.2.1/../../../../arm-none-eabi/lib/thumb/v7e-m+fp/hard/crt0.o (__libc_init_array)
c:/progra~1/gcc-ar~1/bin/../lib/gcc/arm-none-eabi/9.2.1/../../../../arm-none-eabi/lib/thumb/v7e-m+fp/hard\libg.a(lib_a-memset.o)
                              c:/progra~1/gcc-ar~1/bin/../lib/gcc/arm-none-eabi/9.2.1/../../../../arm-none-eabi/lib/thumb/v7e-m+fp/hard/crt0.o (memset)
c:/progra~1/gcc-ar~1/bin/../lib/gcc/arm-none-eabi/9.2.1/../../../../arm-none-eabi/lib/thumb/v7e-m+fp/hard\libg.a(lib_a-vsprintf.o)
                              CMakeFiles/M3508_F405RGT6.elf.dir/Core/Src/usart.c.obj (vsprintf)
c:/progra~1/gcc-ar~1/bin/../lib/gcc/arm-none-eabi/9.2.1/../../../../arm-none-eabi/lib/thumb/v7e-m+fp/hard\libg.a(lib_a-__call_atexit.o)
                              c:/progra~1/gcc-ar~1/bin/../lib/gcc/arm-none-eabi/9.2.1/../../../../arm-none-eabi/lib/thumb/v7e-m+fp/hard\libg.a(lib_a-exit.o) (__call_exitprocs)
c:/progra~1/gcc-ar~1/bin/../lib/gcc/arm-none-eabi/9.2.1/../../../../arm-none-eabi/lib/thumb/v7e-m+fp/hard\libg.a(lib_a-atexit.o)
                              c:/progra~1/gcc-ar~1/bin/../lib/gcc/arm-none-eabi/9.2.1/../../../../arm-none-eabi/lib/thumb/v7e-m+fp/hard\libg.a(lib_a-__call_atexit.o) (atexit)
c:/progra~1/gcc-ar~1/bin/../lib/gcc/arm-none-eabi/9.2.1/../../../../arm-none-eabi/lib/thumb/v7e-m+fp/hard\libg.a(lib_a-fini.o)
                              c:/progra~1/gcc-ar~1/bin/../lib/gcc/arm-none-eabi/9.2.1/../../../../arm-none-eabi/lib/thumb/v7e-m+fp/hard\libg.a(lib_a-__call_atexit.o) (__libc_fini_array)
c:/progra~1/gcc-ar~1/bin/../lib/gcc/arm-none-eabi/9.2.1/../../../../arm-none-eabi/lib/thumb/v7e-m+fp/hard\libg.a(lib_a-lock.o)
                              c:/progra~1/gcc-ar~1/bin/../lib/gcc/arm-none-eabi/9.2.1/../../../../arm-none-eabi/lib/thumb/v7e-m+fp/hard\libg.a(lib_a-__call_atexit.o) (__retarget_lock_acquire_recursive)
[...]
Memory Configuration

Name             Origin             Length             Attributes
CCMRAM           0x10000000         0x00010000         xrw
RAM              0x20000000         0x00020000         xrw
FLASH            0x08000000         0x00100000         xr
*default*        0x00000000         0xffffffff

Linker script and memory map

LOAD c:/progra~1/gcc-ar~1/bin/../lib/gcc/arm-none-eabi/9.2.1/thumb/v7e-m+fp/hard/crti.o
LOAD c:/progra~1/gcc-ar~1/bin/../lib/gcc/arm-none-eabi/9.2.1/thumb/v7e-m+fp/hard/crtbegin.o
LOAD c:/progra~1/gcc-ar~1/bin/../lib/gcc/arm-none-eabi/9.2.1/../../../../arm-none-eabi/lib/thumb/v7e-m+fp/hard/crt0.o
LOAD CMakeFiles/M3508_F405RGT6.elf.dir/Core/Src/can.c.obj
LOAD CMakeFiles/M3508_F405RGT6.elf.dir/Core/Src/gpio.c.obj
LOAD CMakeFiles/M3508_F405RGT6.elf.dir/Core/Src/main.c.obj
LOAD CMakeFiles/M3508_F405RGT6.elf.dir/Core/Src/stm32f4xx_hal_msp.c.obj
LOAD CMakeFiles/M3508_F405RGT6.elf.dir/Core/Src/stm32f4xx_hal_timebase_tim.c.obj
LOAD CMakeFiles/M3508_F405RGT6.elf.dir/Core/Src/stm32f4xx_it.c.obj
LOAD CMakeFiles/M3508_F405RGT6.elf.dir/Core/Src/syscalls.c.obj
LOAD CMakeFiles/M3508_F405RGT6.elf.dir/Core/Src/sysmem.c.obj
LOAD CMakeFiles/M3508_F405RGT6.elf.dir/Core/Src/system_stm32f4xx.c.obj
LOAD CMakeFiles/M3508_F405RGT6.elf.dir/Core/Src/usart.c.obj
LOAD CMakeFiles/M3508_F405RGT6.elf.dir/Core/Startup/startup_stm32f405rgtx.s.obj
LOAD CMakeFiles/M3508_F405RGT6.elf.dir/Drivers/STM32F4xx_HAL_Driver/Src/stm32f4xx_hal.c.obj
LOAD CMakeFiles/M3508_F405RGT6.elf.dir/Drivers/STM32F4xx_HAL_Driver/Src/stm32f4xx_hal_can.c.obj
LOAD CMakeFiles/M3508_F405RGT6.elf.dir/Drivers/STM32F4xx_HAL_Driver/Src/stm32f4xx_hal_cortex.c.obj
LOAD CMakeFiles/M3508_F405RGT6.elf.dir/Drivers/STM32F4xx_HAL_Driver/Src/stm32f4xx_hal_dma.c.obj
LOAD CMakeFiles/M3508_F405RGT6.elf.dir/Drivers/STM32F4xx_HAL_Driver/Src/stm32f4xx_hal_dma_ex.c.obj
LOAD CMakeFiles/M3508_F405RGT6.elf.dir/Drivers/STM32F4xx_HAL_Driver/Src/stm32f4xx_hal_exti.c.obj
LOAD CMakeFiles/M3508_F405RGT6.elf.dir/Drivers/STM32F4xx_HAL_Driver/Src/stm32f4xx_hal_flash.c.obj
LOAD CMakeFiles/M3508_F405RGT6.elf.dir/Drivers/STM32F4xx_HAL_Driver/Src/stm32f4xx_hal_flash_ex.c.obj
LOAD CMakeFiles/M3508_F405RGT6.elf.dir/Drivers/STM32F4xx_HAL_Driver/Src/stm32f4xx_hal_flash_ramfunc.c.obj
LOAD CMakeFiles/M3508_F405RGT6.elf.dir/Drivers/STM32F4xx_HAL_Driver/Src/stm32f4xx_hal_gpio.c.obj
LOAD CMakeFiles/M3508_F405RGT6.elf.dir/Drivers/STM32F4xx_HAL_Driver/Src/stm32f4xx_hal_pwr.c.obj
LOAD CMakeFiles/M3508_F405RGT6.elf.dir/Drivers/STM32F4xx_HAL_Driver/Src/stm32f4xx_hal_pwr_ex.c.obj
LOAD CMakeFiles/M3508_F405RGT6.elf.dir/Drivers/STM32F4xx_HAL_Driver/Src/stm32f4xx_hal_rcc.c.obj
LOAD CMakeFiles/M3508_F405RGT6.elf.dir/Drivers/STM32F4xx_HAL_Driver/Src/stm32f4xx_hal_rcc_ex.c.obj
LOAD CMakeFiles/M3508_F405RGT6.elf.dir/Drivers/STM32F4xx_HAL_Driver/Src/stm32f4xx_hal_tim.c.obj
LOAD CMakeFiles/M3508_F405RGT6.elf.dir/Drivers/STM32F4xx_HAL_Driver/Src/stm32f4xx_hal_tim_ex.c.obj
LOAD CMakeFiles/M3508_F405RGT6.elf.dir/Drivers/STM32F4xx_HAL_Driver/Src/stm32f4xx_hal_uart.c.obj
LOAD CMakeFiles/M3508_F405RGT6.elf.dir/User/ADRC/ADRC.c.obj
LOAD CMakeFiles/M3508_F405RGT6.elf.dir/User/CAN_Recv/CAN_Recv.c.obj
LOAD CMakeFiles/M3508_F405RGT6.elf.dir/User/PID/PID.c.obj
START GROUP
LOAD c:/progra~1/gcc-ar~1/bin/../lib/gcc/arm-none-eabi/9.2.1/thumb/v7e-m+fp/hard\libgcc.a
LOAD c:/progra~1/gcc-ar~1/bin/../lib/gcc/arm-none-eabi/9.2.1/../../../../arm-none-eabi/lib/thumb/v7e-m+fp/hard\libg.a
LOAD c:/progra~1/gcc-ar~1/bin/../lib/gcc/arm-none-eabi/9.2.1/../../../../arm-none-eabi/lib/thumb/v7e-m+fp/hard\libc.a
END GROUP
LOAD c:/progra~1/gcc-ar~1/bin/../lib/gcc/arm-none-eabi/9.2.1/thumb/v7e-m+fp/hard/crtend.o
LOAD c:/progra~1/gcc-ar~1/bin/../lib/gcc/arm-none-eabi/9.2.1/thumb/v7e-m+fp/hard/crtn.o
                0x20020000                _estack = (ORIGIN (RAM) + LENGTH (RAM))
                0x00000200                _Min_Heap_Size = 0x200
                0x00000400                _Min_Stack_Size = 0x400

.isr_vector     0x08000000      0x188
                0x08000000                . = ALIGN (0x4)
 *(.isr_vector)
 .isr_vector    0x08000000      0x188 CMakeFiles/M3508_F405RGT6.elf.dir/Core/Startup/startup_stm32f405rgtx.s.obj
                0x08000000                g_pfnVectors
                0x08000188                . = ALIGN (0x4)

.text           0x080001c0     0x8070
                0x080001c0                . = ALIGN (0x4)
 *(.text)
 .text          0x080001c0       0x40 c:/progra~1/gcc-ar~1/bin/../lib/gcc/arm-none-eabi/9.2.1/thumb/v7e-m+fp/hard/crtbegin.o
 .text          0x08000200      0x378 c:/progra~1/gcc-ar~1/bin/../lib/gcc/arm-none-eabi/9.2.1/thumb/v7e-m+fp/hard\libgcc.a(_arm_addsubdf3.o)
                0x08000200                __aeabi_drsub
                0x08000208                __aeabi_dsub
                0x08000208                __subdf3
                0x0800020c                __aeabi_dadd
                0x0800020c                __adddf3
                0x08000484                __floatunsidf
                0x08000484                __aeabi_ui2d
                0x080004a4                __floatsidf
                0x080004a4                __aeabi_i2d
                0x080004c8                __aeabi_f2d
                0x080004c8                __extendsfdf2
                0x0800050c                __floatundidf
                0x0800050c                __aeabi_ul2d
                0x0800051c                __floatdidf
                0x0800051c                __aeabi_l2d
 .text          0x08000578      0x424 c:/progra~1/gcc-ar~1/bin/../lib/gcc/arm-none-eabi/9.2.1/thumb/v7e-m+fp/hard\libgcc.a(_arm_muldivdf3.o)
                0x08000578                __aeabi_dmul
                0x08000578                __muldf3
                0x080007cc                __divdf3
                0x080007cc                __aeabi_ddiv
 .text          0x0800099c      0x110 c:/progra~1/gcc-ar~1/bin/../lib/gcc/arm-none-eabi/9.2.1/thumb/v7e-m+fp/hard\libgcc.a(_arm_cmpdf2.o)
                0x0800099c                __gtdf2
                0x0800099c                __gedf2
                0x080009a4                __ltdf2
                0x080009a4                __ledf2
                0x080009ac                __nedf2
                0x080009ac                __eqdf2
                0x080009ac                __cmpdf2
                0x08000a28                __aeabi_cdrcmple
                0x08000a38                __aeabi_cdcmpeq
                0x08000a38                __aeabi_cdcmple
                0x08000a48                __aeabi_dcmpeq
                0x08000a5c                __aeabi_dcmplt
                0x08000a70                __aeabi_dcmple
                0x08000a84                __aeabi_dcmpge
                0x08000a98                __aeabi_dcmpgt
 .text          0x08000aac       0x50 c:/progra~1/gcc-ar~1/bin/../lib/gcc/arm-none-eabi/9.2.1/thumb/v7e-m+fp/hard\libgcc.a(_arm_fixdfsi.o)
                0x08000aac                __aeabi_d2iz
                0x08000aac                __fixdfsi
 .text          0x08000afc       0xa0 c:/progra~1/gcc-ar~1/bin/../lib/gcc/arm-none-eabi/9.2.1/thumb/v7e-m+fp/hard\libgcc.a(_arm_truncdfsf2.o)
                0x08000afc                __truncdfsf2
                0x08000afc                __aeabi_d2f
 .text          0x08000b9c       0x30 c:/progra~1/gcc-ar~1/bin/../lib/gcc/arm-none-eabi/9.2.1/thumb/v7e-m+fp/hard\libgcc.a(_aeabi_uldivmod.o)
                0x08000b9c                __aeabi_uldivmod
 .text          0x08000bcc      0x2c4 c:/progra~1/gcc-ar~1/bin/../lib/gcc/arm-none-eabi/9.2.1/thumb/v7e-m+fp/hard\libgcc.a(_udivmoddi4.o)
                0x08000bcc                __udivmoddi4
 .text          0x08000e90        0x4 c:/progra~1/gcc-ar~1/bin/../lib/gcc/arm-none-eabi/9.2.1/thumb/v7e-m+fp/hard\libgcc.a(_dvmd_tls.o)
                0x08000e90                __aeabi_idiv0
                0x08000e90                __aeabi_ldiv0
 *fill*         0x08000e94        0xc 
 .text          0x08000ea0       0xa0 c:/progra~1/gcc-ar~1/bin/../lib/gcc/arm-none-eabi/9.2.1/../../../../arm-none-eabi/lib/thumb/v7e-m+fp/hard\libg.a(lib_a-memchr.o)
                0x08000ea0                memchr
 .text          0x08000f40      0x134 c:/progra~1/gcc-ar~1/bin/../lib/gcc/arm-none-eabi/9.2.1/../../../../arm-none-eabi/lib/thumb/v7e-m+fp/hard\libg.a(lib_a-memcpy.o)
                0x08000f40                memcpy
 *fill*         0x08001074        0xc 
 .text          0x08001080       0xdc c:/progra~1/gcc-ar~1/bin/../lib/gcc/arm-none-eabi/9.2.1/../../../../arm-none-eabi/lib/thumb/v7e-m+fp/hard\libg.a(lib_a-strlen.o)
                0x08001080                strlen
 .text          0x0800115c       0x2c c:/progra~1/gcc-ar~1/bin/../lib/gcc/arm-none-eabi/9.2.1/thumb/v7e-m+fp/hard\libgcc.a(_arm_unorddf2.o)
                0x0800115c                __unorddf2
                0x0800115c                __aeabi_dcmpun
 *(.text*)
 .text.MX_CAN1_Init
                0x08001188       0x40 CMakeFiles/M3508_F405RGT6.elf.dir/Core/Src/can.c.obj
                0x08001188                MX_CAN1_Init
 .text.MX_CAN2_Init
                0x080011c8       0x40 CMakeFiles/M3508_F405RGT6.elf.dir/Core/Src/can.c.obj
                0x080011c8                MX_CAN2_Init
 .text.HAL_CAN_MspInit
                0x08001208      0x11c CMakeFiles/M3508_F405RGT6.elf.dir/Core/Src/can.c.obj
                0x08001208                HAL_CAN_MspInit
 .text.MX_GPIO_Init
                0x08001324       0x4c CMakeFiles/M3508_F405RGT6.elf.dir/Core/Src/gpio.c.obj
                0x08001324                MX_GPIO_Init
 .text.HAL_TIM_PeriodElapsedCallback
                0x08001370       0x18 CMakeFiles/M3508_F405RGT6.elf.dir/Core/Src/main.c.obj
                0x08001370                HAL_TIM_PeriodElapsedCallback
 .text.Error_Handler
                0x08001388        0x4 CMakeFiles/M3508_F405RGT6.elf.dir/Core/Src/main.c.obj
                0x08001388                Error_Handler
 .text.SystemClock_Config
                0x0800138c       0xac CMakeFiles/M3508_F405RGT6.elf.dir/Core/Src/main.c.obj
                0x0800138c                SystemClock_Config
 .text.main     0x08001438       0xe0 CMakeFiles/M3508_F405RGT6.elf.dir/Core/Src/main.c.obj
                0x08001438                main
 .text.HAL_MspInit
                0x08001518       0x38 CMakeFiles/M3508_F405RGT6.elf.dir/Core/Src/stm32f4xx_hal_msp.c.obj
                0x08001518                HAL_MspInit
 .text.HAL_InitTick
                0x08001550       0x98 CMakeFiles/M3508_F405RGT6.elf.dir/Core/Src/stm32f4xx_hal_timebase_tim.c.obj
                0x08001550                HAL_InitTick
 .text.NMI_Handler
                0x080015e8        0x2 CMakeFiles/M3508_F405RGT6.elf.dir/Core/Src/stm32f4xx_it.c.obj
                0x080015e8                NMI_Handler
 .text.HardFault_Handler
                0x080015ea        0x2 CMakeFiles/M3508_F405RGT6.elf.dir/Core/Src/stm32f4xx_it.c.obj
                0x080015ea                HardFault_Handler
 .text.MemManage_Handler
                0x080015ec        0x2 CMakeFiles/M3508_F405RGT6.elf.dir/Core/Src/stm32f4xx_it.c.obj
                0x080015ec                MemManage_Handler
 .text.BusFault_Handler
                0x080015ee        0x2 CMakeFiles/M3508_F405RGT6.elf.dir/Core/Src/stm32f4xx_it.c.obj
                0x080015ee                BusFault_Handler
 .text.UsageFault_Handler
                0x080015f0        0x2 CMakeFiles/M3508_F405RGT6.elf.dir/Core/Src/stm32f4xx_it.c.obj
                0x080015f0                UsageFault_Handler
 .text.SVC_Handler
                0x080015f2        0x2 CMakeFiles/M3508_F405RGT6.elf.dir/Core/Src/stm32f4xx_it.c.obj
                0x080015f2                SVC_Handler
 .text.DebugMon_Handler
                0x080015f4        0x2 CMakeFiles/M3508_F405RGT6.elf.dir/Core/Src/stm32f4xx_it.c.obj
                0x080015f4                DebugMon_Handler
 .text.PendSV_Handler
                0x080015f6        0x2 CMakeFiles/M3508_F405RGT6.elf.dir/Core/Src/stm32f4xx_it.c.obj
                0x080015f6                PendSV_Handler
 .text.SysTick_Handler
                0x080015f8        0x2 CMakeFiles/M3508_F405RGT6.elf.dir/Core/Src/stm32f4xx_it.c.obj
                0x080015f8                SysTick_Handler
 *fill*         0x080015fa        0x2 
 .text.CAN1_RX0_IRQHandler
                0x080015fc       0x10 CMakeFiles/M3508_F405RGT6.elf.dir/Core/Src/stm32f4xx_it.c.obj
                0x080015fc                CAN1_RX0_IRQHandler
 .text.TIM1_UP_TIM10_IRQHandler
                0x0800160c       0x10 CMakeFiles/M3508_F405RGT6.elf.dir/Core/Src/stm32f4xx_it.c.obj
                0x0800160c                TIM1_UP_TIM10_IRQHandler
 .text.USART1_IRQHandler
                0x0800161c       0x10 CMakeFiles/M3508_F405RGT6.elf.dir/Core/Src/stm32f4xx_it.c.obj
                0x0800161c                USART1_IRQHandler
 .text._sbrk    0x0800162c       0x48 CMakeFiles/M3508_F405RGT6.elf.dir/Core/Src/sysmem.c.obj
                0x0800162c                _sbrk
 .text.SystemInit
                0x08001674       0x14 CMakeFiles/M3508_F405RGT6.elf.dir/Core/Src/system_stm32f4xx.c.obj
                0x08001674                SystemInit
 .text.MX_USART1_UART_Init
                0x08001688       0x44 CMakeFiles/M3508_F405RGT6.elf.dir/Core/Src/usart.c.obj
                0x08001688                MX_USART1_UART_Init
 .text.HAL_UART_MspInit
                0x080016cc       0x84 CMakeFiles/M3508_F405RGT6.elf.dir/Core/Src/usart.c.obj
                0x080016cc                HAL_UART_MspInit
 .text.usart_printf
                0x08001750       0x38 CMakeFiles/M3508_F405RGT6.elf.dir/Core/Src/usart.c.obj
                0x08001750                usart_printf
 .text.Get_Data
                0x08001788      0x170 CMakeFiles/M3508_F405RGT6.elf.dir/Core/Src/usart.c.obj
                0x08001788                Get_Data
 .text.USART_PID_Adjust
                0x080018f8      0x15c CMakeFiles/M3508_F405RGT6.elf.dir/Core/Src/usart.c.obj
                0x080018f8                USART_PID_Adjust
 .text.HAL_UART_RxCpltCallback
                0x08001a54       0x70 CMakeFiles/M3508_F405RGT6.elf.dir/Core/Src/usart.c.obj
                0x08001a54                HAL_UART_RxCpltCallback
 .text.Reset_Handler
                0x08001ac4       0x50 CMakeFiles/M3508_F405RGT6.elf.dir/Core/Startup/startup_stm32f405rgtx.s.obj
                0x08001ac4                Reset_Handler
 .text.Default_Handler
                0x08001b14        0x2 CMakeFiles/M3508_F405RGT6.elf.dir/Core/Startup/startup_stm32f405rgtx.s.obj
                0x08001b14                RTC_Alarm_IRQHandler
                0x08001b14                HASH_RNG_IRQHandler
                0x08001b14                EXTI2_IRQHandler
                0x08001b14                TIM8_CC_IRQHandler
                0x08001b14                TIM1_CC_IRQHandler
                0x08001b14                DMA2_Stream5_IRQHandler
                0x08001b14                DMA1_Stream5_IRQHandler
                0x08001b14                PVD_IRQHandler
                0x08001b14                SDIO_IRQHandler
                0x08001b14                TAMP_STAMP_IRQHandler
                0x08001b14                CAN2_RX1_IRQHandler
                0x08001b14                EXTI3_IRQHandler
                0x08001b14                TIM8_TRG_COM_TIM14_IRQHandler
                0x08001b14                TIM8_UP_TIM13_IRQHandler
                0x08001b14                I2C3_ER_IRQHandler
                0x08001b14                EXTI0_IRQHandler
                0x08001b14                I2C2_EV_IRQHandler
                0x08001b14                DMA1_Stream2_IRQHandler
                0x08001b14                FPU_IRQHandler
                0x08001b14                OTG_HS_WKUP_IRQHandler
                0x08001b14                CAN2_SCE_IRQHandler
                0x08001b14                DMA2_Stream2_IRQHandler
                0x08001b14                SPI1_IRQHandler
                0x08001b14                TIM6_DAC_IRQHandler
                0x08001b14                TIM1_BRK_TIM9_IRQHandler
                0x08001b14                CAN2_RX0_IRQHandler
                0x08001b14                DMA2_Stream3_IRQHandler
                0x08001b14                USART6_IRQHandler
                0x08001b14                USART3_IRQHandler
                0x08001b14                CAN1_RX1_IRQHandler
                0x08001b14                UART5_IRQHandler
                0x08001b14                DMA2_Stream0_IRQHandler
                0x08001b14                TIM4_IRQHandler
                0x08001b14                I2C1_EV_IRQHandler
                0x08001b14                DMA1_Stream6_IRQHandler
                0x08001b14                DMA1_Stream1_IRQHandler
                0x08001b14                UART4_IRQHandler
                0x08001b14                TIM3_IRQHandler
                0x08001b14                RCC_IRQHandler
                0x08001b14                TIM8_BRK_TIM12_IRQHandler
                0x08001b14                Default_Handler
                0x08001b14                EXTI15_10_IRQHandler
                0x08001b14                ADC_IRQHandler
                0x08001b14                DMA1_Stream7_IRQHandler
                0x08001b14                TIM7_IRQHandler
                0x08001b14                CAN2_TX_IRQHandler
                0x08001b14                TIM5_IRQHandler
                0x08001b14                DMA2_Stream7_IRQHandler
                0x08001b14                I2C3_EV_IRQHandler
                0x08001b14                EXTI9_5_IRQHandler
                0x08001b14                RTC_WKUP_IRQHandler
                0x08001b14                SPI2_IRQHandler
                0x08001b14                OTG_HS_EP1_IN_IRQHandler
                0x08001b14                DMA1_Stream0_IRQHandler
                0x08001b14                CAN1_TX_IRQHandler
                0x08001b14                EXTI4_IRQHandler
                0x08001b14                FSMC_IRQHandler
                0x08001b14                OTG_HS_EP1_OUT_IRQHandler
                0x08001b14                WWDG_IRQHandler
                0x08001b14                TIM2_IRQHandler
                0x08001b14                OTG_FS_WKUP_IRQHandler
                0x08001b14                TIM1_TRG_COM_TIM11_IRQHandler
                0x08001b14                OTG_HS_IRQHandler
                0x08001b14                EXTI1_IRQHandler
                0x08001b14                USART2_IRQHandler
                0x08001b14                I2C2_ER_IRQHandler
                0x08001b14                DMA2_Stream1_IRQHandler
                0x08001b14                CAN1_SCE_IRQHandler
                0x08001b14                FLASH_IRQHandler
                0x08001b14                DMA2_Stream4_IRQHandler
                0x08001b14                OTG_FS_IRQHandler
                0x08001b14                SPI3_IRQHandler
                0x08001b14                DMA1_Stream4_IRQHandler
                0x08001b14                I2C1_ER_IRQHandler
                0x08001b14                DMA2_Stream6_IRQHandler
                0x08001b14                DMA1_Stream3_IRQHandler
 *fill*         0x08001b16        0x2 
 .text.HAL_Init
                0x08001b18       0x34 CMakeFiles/M3508_F405RGT6.elf.dir/Drivers/STM32F4xx_HAL_Driver/Src/stm32f4xx_hal.c.obj
                0x08001b18                HAL_Init
 .text.HAL_IncTick
                0x08001b4c       0x18 CMakeFiles/M3508_F405RGT6.elf.dir/Drivers/STM32F4xx_HAL_Driver/Src/stm32f4xx_hal.c.obj
                0x08001b4c                HAL_IncTick
 .text.HAL_GetTick
                0x08001b64        0xc CMakeFiles/M3508_F405RGT6.elf.dir/Drivers/STM32F4xx_HAL_Driver/Src/stm32f4xx_hal.c.obj
                0x08001b64                HAL_GetTick
 .text.HAL_Delay
                0x08001b70       0x28 CMakeFiles/M3508_F405RGT6.elf.dir/Drivers/STM32F4xx_HAL_Driver/Src/stm32f4xx_hal.c.obj
                0x08001b70                HAL_Delay
 .text.HAL_CAN_Init
                0x08001b98      0x14c CMakeFiles/M3508_F405RGT6.elf.dir/Drivers/STM32F4xx_HAL_Driver/Src/stm32f4xx_hal_can.c.obj
                0x08001b98                HAL_CAN_Init
 .text.HAL_CAN_ConfigFilter
                0x08001ce4      0x130 CMakeFiles/M3508_F405RGT6.elf.dir/Drivers/STM32F4xx_HAL_Driver/Src/stm32f4xx_hal_can.c.obj
                0x08001ce4                HAL_CAN_ConfigFilter
 .text.HAL_CAN_Start
                0x08001e14       0x5c CMakeFiles/M3508_F405RGT6.elf.dir/Drivers/STM32F4xx_HAL_Driver/Src/stm32f4xx_hal_can.c.obj
                0x08001e14                HAL_CAN_Start
 .text.HAL_CAN_AddTxMessage
                0x08001e70       0xec CMakeFiles/M3508_F405RGT6.elf.dir/Drivers/STM32F4xx_HAL_Driver/Src/stm32f4xx_hal_can.c.obj
                0x08001e70                HAL_CAN_AddTxMessage
 .text.HAL_CAN_GetRxMessage
                0x08001f5c      0x140 CMakeFiles/M3508_F405RGT6.elf.dir/Drivers/STM32F4xx_HAL_Driver/Src/stm32f4xx_hal_can.c.obj
                0x08001f5c                HAL_CAN_GetRxMessage
 .text.HAL_CAN_ActivateNotification
                0x0800209c       0x24 CMakeFiles/M3508_F405RGT6.elf.dir/Drivers/STM32F4xx_HAL_Driver/Src/stm32f4xx_hal_can.c.obj
                0x0800209c                HAL_CAN_ActivateNotification
 .text.HAL_CAN_TxMailbox0CompleteCallback
                0x080020c0        0x2 CMakeFiles/M3508_F405RGT6.elf.dir/Drivers/STM32F4xx_HAL_Driver/Src/stm32f4xx_hal_can.c.obj
                0x080020c0                HAL_CAN_TxMailbox0CompleteCallback
 .text.HAL_CAN_TxMailbox1CompleteCallback
                0x080020c2        0x2 CMakeFiles/M3508_F405RGT6.elf.dir/Drivers/STM32F4xx_HAL_Driver/Src/stm32f4xx_hal_can.c.obj
                0x080020c2                HAL_CAN_TxMailbox1CompleteCallback
 .text.HAL_CAN_TxMailbox2CompleteCallback
                0x080020c4        0x2 CMakeFiles/M3508_F405RGT6.elf.dir/Drivers/STM32F4xx_HAL_Driver/Src/stm32f4xx_hal_can.c.obj
                0x080020c4                HAL_CAN_TxMailbox2CompleteCallback
 .text.HAL_CAN_TxMailbox0AbortCallback
                0x080020c6        0x2 CMakeFiles/M3508_F405RGT6.elf.dir/Drivers/STM32F4xx_HAL_Driver/Src/stm32f4xx_hal_can.c.obj
                0x080020c6                HAL_CAN_TxMailbox0AbortCallback
 .text.HAL_CAN_TxMailbox1AbortCallback
                0x080020c8        0x2 CMakeFiles/M3508_F405RGT6.elf.dir/Drivers/STM32F4xx_HAL_Driver/Src/stm32f4xx_hal_can.c.obj
                0x080020c8                HAL_CAN_TxMailbox1AbortCallback
 .text.HAL_CAN_TxMailbox2AbortCallback
                0x080020ca        0x2 CMakeFiles/M3508_F405RGT6.elf.dir/Drivers/STM32F4xx_HAL_Driver/Src/stm32f4xx_hal_can.c.obj
                0x080020ca                HAL_CAN_TxMailbox2AbortCallback
 .text.HAL_CAN_RxFifo0FullCallback
                0x080020cc        0x2 CMakeFiles/M3508_F405RGT6.elf.dir/Drivers/STM32F4xx_HAL_Driver/Src/stm32f4xx_hal_can.c.obj
                0x080020cc                HAL_CAN_RxFifo0FullCallback
 .text.HAL_CAN_RxFifo1MsgPendingCallback
                0x080020ce        0x2 CMakeFiles/M3508_F405RGT6.elf.dir/Drivers/STM32F4xx_HAL_Driver/Src/stm32f4xx_hal_can.c.obj
                0x080020ce                HAL_CAN_RxFifo1MsgPendingCallback
 .text.HAL_CAN_RxFifo1FullCallback
                0x080020d0        0x2 CMakeFiles/M3508_F405RGT6.elf.dir/Drivers/STM32F4xx_HAL_Driver/Src/stm32f4xx_hal_can.c.obj
                0x080020d0                HAL_CAN_RxFifo1FullCallback
 .text.HAL_CAN_SleepCallback
                0x080020d2        0x2 CMakeFiles/M3508_F405RGT6.elf.dir/Drivers/STM32F4xx_HAL_Driver/Src/stm32f4xx_hal_can.c.obj
                0x080020d2                HAL_CAN_SleepCallback
 .text.HAL_CAN_WakeUpFromRxMsgCallback
                0x080020d4        0x2 CMakeFiles/M3508_F405RGT6.elf.dir/Drivers/STM32F4xx_HAL_Driver/Src/stm32f4xx_hal_can.c.obj
                0x080020d4                HAL_CAN_WakeUpFromRxMsgCallback
 .text.HAL_CAN_ErrorCallback
                0x080020d6        0x2 CMakeFiles/M3508_F405RGT6.elf.dir/Drivers/STM32F4xx_HAL_Driver/Src/stm32f4xx_hal_can.c.obj
                0x080020d6                HAL_CAN_ErrorCallback
 .text.HAL_CAN_IRQHandler
                0x080020d8      0x24a CMakeFiles/M3508_F405RGT6.elf.dir/Drivers/STM32F4xx_HAL_Driver/Src/stm32f4xx_hal_can.c.obj
                0x080020d8                HAL_CAN_IRQHandler
 *fill*         0x08002322        0x2 
 .text.HAL_NVIC_SetPriorityGrouping
                0x08002324       0x24 CMakeFiles/M3508_F405RGT6.elf.dir/Drivers/STM32F4xx_HAL_Driver/Src/stm32f4xx_hal_cortex.c.obj
                0x08002324                HAL_NVIC_SetPriorityGrouping
 .text.HAL_NVIC_SetPriority
                0x08002348       0x68 CMakeFiles/M3508_F405RGT6.elf.dir/Drivers/STM32F4xx_HAL_Driver/Src/stm32f4xx_hal_cortex.c.obj
                0x08002348                HAL_NVIC_SetPriority
 .text.HAL_NVIC_EnableIRQ
                0x080023b0       0x1c CMakeFiles/M3508_F405RGT6.elf.dir/Drivers/STM32F4xx_HAL_Driver/Src/stm32f4xx_hal_cortex.c.obj
                0x080023b0                HAL_NVIC_EnableIRQ
 .text.HAL_DMA_Abort
                0x080023cc       0x94 CMakeFiles/M3508_F405RGT6.elf.dir/Drivers/STM32F4xx_HAL_Driver/Src/stm32f4xx_hal_dma.c.obj
                0x080023cc                HAL_DMA_Abort
 .text.HAL_DMA_Abort_IT
                0x08002460       0x26 CMakeFiles/M3508_F405RGT6.elf.dir/Drivers/STM32F4xx_HAL_Driver/Src/stm32f4xx_hal_dma.c.obj
                0x08002460                HAL_DMA_Abort_IT
 *fill*         0x08002486        0x2 
 .text.HAL_GPIO_Init
                0x08002488      0x1d4 CMakeFiles/M3508_F405RGT6.elf.dir/Drivers/STM32F4xx_HAL_Driver/Src/stm32f4xx_hal_gpio.c.obj
                0x08002488                HAL_GPIO_Init
 .text.HAL_RCC_OscConfig
                0x0800265c      0x3f8 CMakeFiles/M3508_F405RGT6.elf.dir/Drivers/STM32F4xx_HAL_Driver/Src/stm32f4xx_hal_rcc.c.obj
                0x0800265c                HAL_RCC_OscConfig
 .text.HAL_RCC_GetSysClockFreq
                0x08002a54       0xa0 CMakeFiles/M3508_F405RGT6.elf.dir/Drivers/STM32F4xx_HAL_Driver/Src/stm32f4xx_hal_rcc.c.obj
                0x08002a54                HAL_RCC_GetSysClockFreq
 .text.HAL_RCC_ClockConfig
                0x08002af4      0x160 CMakeFiles/M3508_F405RGT6.elf.dir/Drivers/STM32F4xx_HAL_Driver/Src/stm32f4xx_hal_rcc.c.obj
                0x08002af4                HAL_RCC_ClockConfig
 .text.HAL_RCC_GetHCLKFreq
                0x08002c54        0xc CMakeFiles/M3508_F405RGT6.elf.dir/Drivers/STM32F4xx_HAL_Driver/Src/stm32f4xx_hal_rcc.c.obj
                0x08002c54                HAL_RCC_GetHCLKFreq
 .text.HAL_RCC_GetPCLK1Freq
                0x08002c60       0x20 CMakeFiles/M3508_F405RGT6.elf.dir/Drivers/STM32F4xx_HAL_Driver/Src/stm32f4xx_hal_rcc.c.obj
                0x08002c60                HAL_RCC_GetPCLK1Freq
 .text.HAL_RCC_GetPCLK2Freq
                0x08002c80       0x20 CMakeFiles/M3508_F405RGT6.elf.dir/Drivers/STM32F4xx_HAL_Driver/Src/stm32f4xx_hal_rcc.c.obj
                0x08002c80                HAL_RCC_GetPCLK2Freq
 .text.HAL_RCC_GetClockConfig
                0x08002ca0       0x3c CMakeFiles/M3508_F405RGT6.elf.dir/Drivers/STM32F4xx_HAL_Driver/Src/stm32f4xx_hal_rcc.c.obj
                0x08002ca0                HAL_RCC_GetClockConfig
 .text.HAL_TIM_Base_MspInit
                0x08002cdc        0x2 CMakeFiles/M3508_F405RGT6.elf.dir/Drivers/STM32F4xx_HAL_Driver/Src/stm32f4xx_hal_tim.c.obj
                0x08002cdc                HAL_TIM_Base_MspInit
 *fill*         0x08002cde        0x2 
 .text.HAL_TIM_Base_Start_IT
                0x08002ce0       0x88 CMakeFiles/M3508_F405RGT6.elf.dir/Drivers/STM32F4xx_HAL_Driver/Src/stm32f4xx_hal_tim.c.obj
                0x08002ce0                HAL_TIM_Base_Start_IT
 .text.HAL_TIM_OC_DelayElapsedCallback
                0x08002d68        0x2 CMakeFiles/M3508_F405RGT6.elf.dir/Drivers/STM32F4xx_HAL_Driver/Src/stm32f4xx_hal_tim.c.obj
                0x08002d68                HAL_TIM_OC_DelayElapsedCallback
 .text.HAL_TIM_IC_CaptureCallback
                0x08002d6a        0x2 CMakeFiles/M3508_F405RGT6.elf.dir/Drivers/STM32F4xx_HAL_Driver/Src/stm32f4xx_hal_tim.c.obj
                0x08002d6a                HAL_TIM_IC_CaptureCallback
 .text.HAL_TIM_PWM_PulseFinishedCallback
                0x08002d6c        0x2 CMakeFiles/M3508_F405RGT6.elf.dir/Drivers/STM32F4xx_HAL_Driver/Src/stm32f4xx_hal_tim.c.obj
                0x08002d6c                HAL_TIM_PWM_PulseFinishedCallback
 .text.HAL_TIM_TriggerCallback
                0x08002d6e        0x2 CMakeFiles/M3508_F405RGT6.elf.dir/Drivers/STM32F4xx_HAL_Driver/Src/stm32f4xx_hal_tim.c.obj
                0x08002d6e                HAL_TIM_TriggerCallback
 .text.HAL_TIM_IRQHandler
                0x08002d70      0x17a CMakeFiles/M3508_F405RGT6.elf.dir/Drivers/STM32F4xx_HAL_Driver/Src/stm32f4xx_hal_tim.c.obj
                0x08002d70                HAL_TIM_IRQHandler
 *fill*         0x08002eea        0x2 
 .text.TIM_Base_SetConfig
                0x08002eec       0xc8 CMakeFiles/M3508_F405RGT6.elf.dir/Drivers/STM32F4xx_HAL_Driver/Src/stm32f4xx_hal_tim.c.obj
                0x08002eec                TIM_Base_SetConfig
 .text.HAL_TIM_Base_Init
                0x08002fb4       0x58 CMakeFiles/M3508_F405RGT6.elf.dir/Drivers/STM32F4xx_HAL_Driver/Src/stm32f4xx_hal_tim.c.obj
                0x08002fb4                HAL_TIM_Base_Init
 .text.HAL_TIMEx_CommutCallback
                0x0800300c        0x2 CMakeFiles/M3508_F405RGT6.elf.dir/Drivers/STM32F4xx_HAL_Driver/Src/stm32f4xx_hal_tim_ex.c.obj
                0x0800300c                HAL_TIMEx_CommutCallback
 .text.HAL_TIMEx_BreakCallback
                0x0800300e        0x2 CMakeFiles/M3508_F405RGT6.elf.dir/Drivers/STM32F4xx_HAL_Driver/Src/stm32f4xx_hal_tim_ex.c.obj
                0x0800300e                HAL_TIMEx_BreakCallback
 .text.UART_EndRxTransfer
                0x08003010       0x5c CMakeFiles/M3508_F405RGT6.elf.dir/Drivers/STM32F4xx_HAL_Driver/Src/stm32f4xx_hal_uart.c.obj
 .text.UART_Transmit_IT
                0x0800306c       0x60 CMakeFiles/M3508_F405RGT6.elf.dir/Drivers/STM32F4xx_HAL_Driver/Src/stm32f4xx_hal_uart.c.obj
 .text.UART_SetConfig
                0x080030cc      0x11c CMakeFiles/M3508_F405RGT6.elf.dir/Drivers/STM32F4xx_HAL_Driver/Src/stm32f4xx_hal_uart.c.obj
 .text.UART_WaitOnFlagUntilTimeout
                0x080031e8       0x84 CMakeFiles/M3508_F405RGT6.elf.dir/Drivers/STM32F4xx_HAL_Driver/Src/stm32f4xx_hal_uart.c.obj
 .text.HAL_UART_Init
                0x0800326c       0x5e CMakeFiles/M3508_F405RGT6.elf.dir/Drivers/STM32F4xx_HAL_Driver/Src/stm32f4xx_hal_uart.c.obj
                0x0800326c                HAL_UART_Init
 .text.HAL_UART_Transmit
                0x080032ca       0xd8 CMakeFiles/M3508_F405RGT6.elf.dir/Drivers/STM32F4xx_HAL_Driver/Src/stm32f4xx_hal_uart.c.obj
                0x080032ca                HAL_UART_Transmit
 .text.HAL_UART_TxCpltCallback
                0x080033a2        0x2 CMakeFiles/M3508_F405RGT6.elf.dir/Drivers/STM32F4xx_HAL_Driver/Src/stm32f4xx_hal_uart.c.obj
                0x080033a2                HAL_UART_TxCpltCallback
 .text.UART_EndTransmit_IT
                0x080033a4       0x1a CMakeFiles/M3508_F405RGT6.elf.dir/Drivers/STM32F4xx_HAL_Driver/Src/stm32f4xx_hal_uart.c.obj
 .text.HAL_UART_ErrorCallback
                0x080033be        0x2 CMakeFiles/M3508_F405RGT6.elf.dir/Drivers/STM32F4xx_HAL_Driver/Src/stm32f4xx_hal_uart.c.obj
                0x080033be                HAL_UART_ErrorCallback
 .text.UART_DMAAbortOnError
                0x080033c0       0x10 CMakeFiles/M3508_F405RGT6.elf.dir/Drivers/STM32F4xx_HAL_Driver/Src/stm32f4xx_hal_uart.c.obj
 .text.HAL_UARTEx_RxEventCallback
                0x080033d0        0x2 CMakeFiles/M3508_F405RGT6.elf.dir/Drivers/STM32F4xx_HAL_Driver/Src/stm32f4xx_hal_uart.c.obj
                0x080033d0                HAL_UARTEx_RxEventCallback
 .text.UART_Receive_IT
                0x080033d2       0xe2 CMakeFiles/M3508_F405RGT6.elf.dir/Drivers/STM32F4xx_HAL_Driver/Src/stm32f4xx_hal_uart.c.obj
 .text.HAL_UART_IRQHandler
                0x080034b4      0x280 CMakeFiles/M3508_F405RGT6.elf.dir/Drivers/STM32F4xx_HAL_Driver/Src/stm32f4xx_hal_uart.c.obj
                0x080034b4                HAL_UART_IRQHandler
 .text.UART_Start_Receive_IT
                0x08003734       0x3a CMakeFiles/M3508_F405RGT6.elf.dir/Drivers/STM32F4xx_HAL_Driver/Src/stm32f4xx_hal_uart.c.obj
                0x08003734                UART_Start_Receive_IT
 .text.HAL_UART_Receive_IT
                0x0800376e       0x38 CMakeFiles/M3508_F405RGT6.elf.dir/Drivers/STM32F4xx_HAL_Driver/Src/stm32f4xx_hal_uart.c.obj
                0x0800376e                HAL_UART_Receive_IT
 .text.setCtrlParm
                0x080037a6       0x12 CMakeFiles/M3508_F405RGT6.elf.dir/User/ADRC/ADRC.c.obj
                0x080037a6                setCtrlParm
 .text.setClampParm
                0x080037b8        0xa CMakeFiles/M3508_F405RGT6.elf.dir/User/ADRC/ADRC.c.obj
                0x080037b8                setClampParm
 .text.LADRC_Cal
                0x080037c2      0x14a CMakeFiles/M3508_F405RGT6.elf.dir/User/ADRC/ADRC.c.obj
                0x080037c2                LADRC_Cal
 .text.can_filter_init
                0x0800390c       0x5c CMakeFiles/M3508_F405RGT6.elf.dir/User/CAN_Recv/CAN_Recv.c.obj
                0x0800390c                can_filter_init
 .text.HAL_CAN_RxFifo0MsgPendingCallback
                0x08003968      0x208 CMakeFiles/M3508_F405RGT6.elf.dir/User/CAN_Recv/CAN_Recv.c.obj
                0x08003968                HAL_CAN_RxFifo0MsgPendingCallback
 .text.RM_CAN1_Transmit
                0x08003b70       0x4c CMakeFiles/M3508_F405RGT6.elf.dir/User/CAN_Recv/CAN_Recv.c.obj
                0x08003b70                RM_CAN1_Transmit
 .text.pid_param_init
                0x08003bbc       0x60 CMakeFiles/M3508_F405RGT6.elf.dir/User/PID/PID.c.obj
 .text.pid_reset_kp
                0x08003c1c        0x6 CMakeFiles/M3508_F405RGT6.elf.dir/User/PID/PID.c.obj
 .text.pid_reset_ki
                0x08003c22        0x6 CMakeFiles/M3508_F405RGT6.elf.dir/User/PID/PID.c.obj
 .text.pid_reset_kd
                0x08003c28        0x6 CMakeFiles/M3508_F405RGT6.elf.dir/User/PID/PID.c.obj
 .text.pid_reset_target
                0x08003c2e        0x6 CMakeFiles/M3508_F405RGT6.elf.dir/User/PID/PID.c.obj
 .text.pid_calculate
                0x08003c34       0xf6 CMakeFiles/M3508_F405RGT6.elf.dir/User/PID/PID.c.obj
 *fill*         0x08003d2a        0x2 
 .text.pid_init
                0x08003d2c       0x34 CMakeFiles/M3508_F405RGT6.elf.dir/User/PID/PID.c.obj
                0x08003d2c                pid_init
 .text.ADRC_Speed
                0x08003d60      0x14c CMakeFiles/M3508_F405RGT6.elf.dir/User/PID/PID.c.obj
                0x08003d60                ADRC_Speed
 .text.__errno  0x08003eac        0xc c:/progra~1/gcc-ar~1/bin/../lib/gcc/arm-none-eabi/9.2.1/../../../../arm-none-eabi/lib/thumb/v7e-m+fp/hard\libg.a(lib_a-errno.o)
                0x08003eac                __errno
 .text.__libc_init_array
                0x08003eb8       0x48 c:/progra~1/gcc-ar~1/bin/../lib/gcc/arm-none-eabi/9.2.1/../../../../arm-none-eabi/lib/thumb/v7e-m+fp/hard\libg.a(lib_a-init.o)
                0x08003eb8                __libc_init_array
 .text.memset   0x08003f00       0xa0 c:/progra~1/gcc-ar~1/bin/../lib/gcc/arm-none-eabi/9.2.1/../../../../arm-none-eabi/lib/thumb/v7e-m+fp/hard\libg.a(lib_a-memset.o)
                0x08003f00                memset
 .text._vsprintf_r
                0x08003fa0       0x28 c:/progra~1/gcc-ar~1/bin/../lib/gcc/arm-none-eabi/9.2.1/../../../../arm-none-eabi/lib/thumb/v7e-m+fp/hard\libg.a(lib_a-vsprintf.o)
                0x08003fa0                _vsprintf_r
 .text.vsprintf
                0x08003fc8       0x18 c:/progra~1/gcc-ar~1/bin/../lib/gcc/arm-none-eabi/9.2.1/../../../../arm-none-eabi/lib/thumb/v7e-m+fp/hard\libg.a(lib_a-vsprintf.o)
                0x08003fc8                vsprintf
 .text.startup.register_fini
                0x08003fe0       0x14 c:/progra~1/gcc-ar~1/bin/../lib/gcc/arm-none-eabi/9.2.1/../../../../arm-none-eabi/lib/thumb/v7e-m+fp/hard\libg.a(lib_a-__call_atexit.o)
 .text.atexit   0x08003ff4        0xc c:/progra~1/gcc-ar~1/bin/../lib/gcc/arm-none-eabi/9.2.1/../../../../arm-none-eabi/lib/thumb/v7e-m+fp/hard\libg.a(lib_a-atexit.o)
                0x08003ff4                atexit
 .text.__libc_fini_array
                0x08004000       0x2c c:/progra~1/gcc-ar~1/bin/../lib/gcc/arm-none-eabi/9.2.1/../../../../arm-none-eabi/lib/thumb/v7e-m+fp/hard\libg.a(lib_a-fini.o)
                0x08004000                __libc_fini_array
 .text.__retarget_lock_acquire_recursive
                0x0800402c        0x4 c:/progra~1/gcc-ar~1/bin/../lib/gcc/arm-none-eabi/9.2.1/../../../../arm-none-eabi/lib/thumb/v7e-m+fp/hard\libg.a(lib_a-lock.o)
                0x0800402c                __retarget_lock_acquire_recursive
 .text.__retarget_lock_release_recursive
                0x08004030        0x4 c:/progra~1/gcc-ar~1/bin/../lib/gcc/arm-none-eabi/9.2.1/../../../../arm-none-eabi/lib/thumb/v7e-m+fp/hard\libg.a(lib_a-lock.o)
                0x08004030                __retarget_lock_release_recursive
 *fill*         0x08004034        0x4 
 .text._svfprintf_r
                0x08004038     0x1b38 c:/progra~1/gcc-ar~1/bin/../lib/gcc/arm-none-eabi/9.2.1/../../../../arm-none-eabi/lib/thumb/v7e-m+fp/hard\libg.a(lib_a-svfprintf.o)
                0x08004038                _svfprintf_r
 .text.__register_exitproc
                0x08005b70       0x8c c:/progra~1/gcc-ar~1/bin/../lib/gcc/arm-none-eabi/9.2.1/../../../../arm-none-eabi/lib/thumb/v7e-m+fp/hard\libg.a(lib_a-__atexit.o)
                0x08005b70                __register_exitproc
 .text.quorem   0x08005bfc      0x11c c:/progra~1/gcc-ar~1/bin/../lib/gcc/arm-none-eabi/9.2.1/../../../../arm-none-eabi/lib/thumb/v7e-m+fp/hard\libg.a(lib_a-dtoa.o)
 .text._dtoa_r  0x08005d18      0xeec c:/progra~1/gcc-ar~1/bin/../lib/gcc/arm-none-eabi/9.2.1/../../../../arm-none-eabi/lib/thumb/v7e-m+fp/hard\libg.a(lib_a-dtoa.o)
                0x08005d18                _dtoa_r
 .text._malloc_trim_r
                0x08006c04       0xa0 c:/progra~1/gcc-ar~1/bin/../lib/gcc/arm-none-eabi/9.2.1/../../../../arm-none-eabi/lib/thumb/v7e-m+fp/hard\libg.a(lib_a-freer.o)
                0x08006c04                _malloc_trim_r
 .text._free_r  0x08006ca4      0x208 c:/progra~1/gcc-ar~1/bin/../lib/gcc/arm-none-eabi/9.2.1/../../../../arm-none-eabi/lib/thumb/v7e-m+fp/hard\libg.a(lib_a-freer.o)
                0x08006ca4                _free_r
 .text._localeconv_r
                0x08006eac        0x8 c:/progra~1/gcc-ar~1/bin/../lib/gcc/arm-none-eabi/9.2.1/../../../../arm-none-eabi/lib/thumb/v7e-m+fp/hard\libg.a(lib_a-localeconv.o)
                0x08006eac                _localeconv_r
 .text._malloc_r
                0x08006eb4      0x574 c:/progra~1/gcc-ar~1/bin/../lib/gcc/arm-none-eabi/9.2.1/../../../../arm-none-eabi/lib/thumb/v7e-m+fp/hard\libg.a(lib_a-mallocr.o)
                0x08006eb4                _malloc_r
 .text.__malloc_lock
                0x08007428        0xc c:/progra~1/gcc-ar~1/bin/../lib/gcc/arm-none-eabi/9.2.1/../../../../arm-none-eabi/lib/thumb/v7e-m+fp/hard\libg.a(lib_a-mlock.o)
                0x08007428                __malloc_lock
 .text.__malloc_unlock
                0x08007434        0xc c:/progra~1/gcc-ar~1/bin/../lib/gcc/arm-none-eabi/9.2.1/../../../../arm-none-eabi/lib/thumb/v7e-m+fp/hard\libg.a(lib_a-mlock.o)
                0x08007434                __malloc_unlock
 .text._Balloc  0x08007440       0x4c c:/progra~1/gcc-ar~1/bin/../lib/gcc/arm-none-eabi/9.2.1/../../../../arm-none-eabi/lib/thumb/v7e-m+fp/hard\libg.a(lib_a-mprec.o)
                0x08007440                _Balloc
 .text._Bfree   0x0800748c       0x14 c:/progra~1/gcc-ar~1/bin/../lib/gcc/arm-none-eabi/9.2.1/../../../../arm-none-eabi/lib/thumb/v7e-m+fp/hard\libg.a(lib_a-mprec.o)
                0x0800748c                _Bfree
 .text.__multadd
                0x080074a0       0x8c c:/progra~1/gcc-ar~1/bin/../lib/gcc/arm-none-eabi/9.2.1/../../../../arm-none-eabi/lib/thumb/v7e-m+fp/hard\libg.a(lib_a-mprec.o)
                0x080074a0                __multadd
 .text.__hi0bits
                0x0800752c       0x40 c:/progra~1/gcc-ar~1/bin/../lib/gcc/arm-none-eabi/9.2.1/../../../../arm-none-eabi/lib/thumb/v7e-m+fp/hard\libg.a(lib_a-mprec.o)
                0x0800752c                __hi0bits
 .text.__lo0bits
                0x0800756c       0x60 c:/progra~1/gcc-ar~1/bin/../lib/gcc/arm-none-eabi/9.2.1/../../../../arm-none-eabi/lib/thumb/v7e-m+fp/hard\libg.a(lib_a-mprec.o)
                0x0800756c                __lo0bits
 .text.__i2b    0x080075cc       0x14 c:/progra~1/gcc-ar~1/bin/../lib/gcc/arm-none-eabi/9.2.1/../../../../arm-none-eabi/lib/thumb/v7e-m+fp/hard\libg.a(lib_a-mprec.o)
                0x080075cc                __i2b
 .text.__multiply
                0x080075e0      0x144 c:/progra~1/gcc-ar~1/bin/../lib/gcc/arm-none-eabi/9.2.1/../../../../arm-none-eabi/lib/thumb/v7e-m+fp/hard\libg.a(lib_a-mprec.o)
                0x080075e0                __multiply
 .text.__pow5mult
                0x08007724       0xa0 c:/progra~1/gcc-ar~1/bin/../lib/gcc/arm-none-eabi/9.2.1/../../../../arm-none-eabi/lib/thumb/v7e-m+fp/hard\libg.a(lib_a-mprec.o)
                0x08007724                __pow5mult
 .text.__lshift
                0x080077c4       0xd4 c:/progra~1/gcc-ar~1/bin/../lib/gcc/arm-none-eabi/9.2.1/../../../../arm-none-eabi/lib/thumb/v7e-m+fp/hard\libg.a(lib_a-mprec.o)
                0x080077c4                __lshift
 .text.__mcmp   0x08007898       0x3c c:/progra~1/gcc-ar~1/bin/../lib/gcc/arm-none-eabi/9.2.1/../../../../arm-none-eabi/lib/thumb/v7e-m+fp/hard\libg.a(lib_a-mprec.o)
                0x08007898                __mcmp
 .text.__mdiff  0x080078d4      0x138 c:/progra~1/gcc-ar~1/bin/../lib/gcc/arm-none-eabi/9.2.1/../../../../arm-none-eabi/lib/thumb/v7e-m+fp/hard\libg.a(lib_a-mprec.o)
                0x080078d4                __mdiff
 .text.__d2b    0x08007a0c       0xbc c:/progra~1/gcc-ar~1/bin/../lib/gcc/arm-none-eabi/9.2.1/../../../../arm-none-eabi/lib/thumb/v7e-m+fp/hard\libg.a(lib_a-mprec.o)
                0x08007a0c                __d2b
 .text.frexp    0x08007ac8       0x6c c:/progra~1/gcc-ar~1/bin/../lib/gcc/arm-none-eabi/9.2.1/../../../../arm-none-eabi/lib/thumb/v7e-m+fp/hard\libg.a(lib_a-s_frexp.o)
                0x08007ac8                frexp
 .text._sbrk_r  0x08007b34       0x24 c:/progra~1/gcc-ar~1/bin/../lib/gcc/arm-none-eabi/9.2.1/../../../../arm-none-eabi/lib/thumb/v7e-m+fp/hard\libg.a(lib_a-sbrkr.o)
                0x08007b34                _sbrk_r
 .text.strncpy  0x08007b58       0x68 c:/progra~1/gcc-ar~1/bin/../lib/gcc/arm-none-eabi/9.2.1/../../../../arm-none-eabi/lib/thumb/v7e-m+fp/hard\libg.a(lib_a-strncpy.o)
                0x08007b58                strncpy
 .text.__ssprint_r
                0x08007bc0       0xf8 c:/progra~1/gcc-ar~1/bin/../lib/gcc/arm-none-eabi/9.2.1/../../../../arm-none-eabi/lib/thumb/v7e-m+fp/hard\libg.a(lib_a-svfiprintf.o)
                0x08007bc0                __ssprint_r
 .text._calloc_r
                0x08007cb8       0x60 c:/progra~1/gcc-ar~1/bin/../lib/gcc/arm-none-eabi/9.2.1/../../../../arm-none-eabi/lib/thumb/v7e-m+fp/hard\libg.a(lib_a-callocr.o)
                0x08007cb8                _calloc_r
 .text.__ascii_mbtowc
                0x08007d18       0x2c c:/progra~1/gcc-ar~1/bin/../lib/gcc/arm-none-eabi/9.2.1/../../../../arm-none-eabi/lib/thumb/v7e-m+fp/hard\libg.a(lib_a-mbtowc_r.o)
                0x08007d18                __ascii_mbtowc
 .text.memmove  0x08007d44       0xd8 c:/progra~1/gcc-ar~1/bin/../lib/gcc/arm-none-eabi/9.2.1/../../../../arm-none-eabi/lib/thumb/v7e-m+fp/hard\libg.a(lib_a-memmove.o)
                0x08007d44                memmove
 .text._realloc_r
                0x08007e1c      0x3e0 c:/progra~1/gcc-ar~1/bin/../lib/gcc/arm-none-eabi/9.2.1/../../../../arm-none-eabi/lib/thumb/v7e-m+fp/hard\libg.a(lib_a-reallocr.o)
                0x08007e1c                _realloc_r
 .text.__ascii_wctomb
                0x080081fc       0x1c c:/progra~1/gcc-ar~1/bin/../lib/gcc/arm-none-eabi/9.2.1/../../../../arm-none-eabi/lib/thumb/v7e-m+fp/hard\libg.a(lib_a-wctomb_r.o)
                0x080081fc                __ascii_wctomb
 *(.glue_7)
 .glue_7        0x08008218        0x0 linker stubs
 *(.glue_7t)
 .glue_7t       0x08008218        0x0 linker stubs
 *(.eh_frame)
 .eh_frame      0x08008218        0x0 c:/progra~1/gcc-ar~1/bin/../lib/gcc/arm-none-eabi/9.2.1/thumb/v7e-m+fp/hard/crtbegin.o
 *(.init)
 .init          0x08008218        0x4 c:/progra~1/gcc-ar~1/bin/../lib/gcc/arm-none-eabi/9.2.1/thumb/v7e-m+fp/hard/crti.o
                0x08008218                _init
 .init          0x0800821c        0x8 c:/progra~1/gcc-ar~1/bin/../lib/gcc/arm-none-eabi/9.2.1/thumb/v7e-m+fp/hard/crtn.o
 *(.fini)
 .fini          0x08008224        0x4 c:/progra~1/gcc-ar~1/bin/../lib/gcc/arm-none-eabi/9.2.1/thumb/v7e-m+fp/hard/crti.o
                0x08008224                _fini
 .fini          0x08008228        0x8 c:/progra~1/gcc-ar~1/bin/../lib/gcc/arm-none-eabi/9.2.1/thumb/v7e-m+fp/hard/crtn.o
                0x08008230                . = ALIGN (0x4)
                0x08008230                _etext = .

.vfp11_veneer   0x08008230        0x0
 .vfp11_veneer  0x08008230        0x0 linker stubs

.v4_bx          0x08008230        0x0
 .v4_bx         0x08008230        0x0 linker stubs

.iplt           0x08008230        0x0
 .iplt          0x08008230        0x0 c:/progra~1/gcc-ar~1/bin/../lib/gcc/arm-none-eabi/9.2.1/thumb/v7e-m+fp/hard/crtbegin.o

.rodata         0x08008230      0x2b8
                0x08008230                . = ALIGN (0x4)
 *(.rodata)
 *(.rodata*)
 .rodata.main.str1.4
                0x08008230       0x16 CMakeFiles/M3508_F405RGT6.elf.dir/Core/Src/main.c.obj
 *fill*         0x08008246        0x2 
 .rodata.AHBPrescTable
                0x08008248       0x10 CMakeFiles/M3508_F405RGT6.elf.dir/Core/Src/system_stm32f4xx.c.obj
                0x08008248                AHBPrescTable
 .rodata.APBPrescTable
                0x08008258        0x8 CMakeFiles/M3508_F405RGT6.elf.dir/Core/Src/system_stm32f4xx.c.obj
                0x08008258                APBPrescTable
 .rodata._global_impure_ptr
                0x08008260        0x4 c:/progra~1/gcc-ar~1/bin/../lib/gcc/arm-none-eabi/9.2.1/../../../../arm-none-eabi/lib/thumb/v7e-m+fp/hard\libg.a(lib_a-impure.o)
                0x08008260                _global_impure_ptr
 .rodata._svfprintf_r.str1.4
                0x08008264       0x42 c:/progra~1/gcc-ar~1/bin/../lib/gcc/arm-none-eabi/9.2.1/../../../../arm-none-eabi/lib/thumb/v7e-m+fp/hard\libg.a(lib_a-svfprintf.o)
 *fill*         0x080082a6        0x2 
 .rodata.blanks.8708
                0x080082a8       0x10 c:/progra~1/gcc-ar~1/bin/../lib/gcc/arm-none-eabi/9.2.1/../../../../arm-none-eabi/lib/thumb/v7e-m+fp/hard\libg.a(lib_a-svfprintf.o)
 .rodata.zeroes.8709
                0x080082b8       0x10 c:/progra~1/gcc-ar~1/bin/../lib/gcc/arm-none-eabi/9.2.1/../../../../arm-none-eabi/lib/thumb/v7e-m+fp/hard\libg.a(lib_a-svfprintf.o)
 .rodata._dtoa_r.str1.4
                0x080082c8        0xd c:/progra~1/gcc-ar~1/bin/../lib/gcc/arm-none-eabi/9.2.1/../../../../arm-none-eabi/lib/thumb/v7e-m+fp/hard\libg.a(lib_a-dtoa.o)
                                 0x12 (size before relaxing)
 *fill*         0x080082d5        0x3 
 .rodata.__mprec_bigtens
                0x080082d8       0x28 c:/progra~1/gcc-ar~1/bin/../lib/gcc/arm-none-eabi/9.2.1/../../../../arm-none-eabi/lib/thumb/v7e-m+fp/hard\libg.a(lib_a-mprec.o)
                0x080082d8                __mprec_bigtens
 .rodata.__mprec_tens
                0x08008300       0xc8 c:/progra~1/gcc-ar~1/bin/../lib/gcc/arm-none-eabi/9.2.1/../../../../arm-none-eabi/lib/thumb/v7e-m+fp/hard\libg.a(lib_a-mprec.o)
                0x08008300                __mprec_tens
 .rodata.p05.7478
                0x080083c8        0xc c:/progra~1/gcc-ar~1/bin/../lib/gcc/arm-none-eabi/9.2.1/../../../../arm-none-eabi/lib/thumb/v7e-m+fp/hard\libg.a(lib_a-mprec.o)
 .rodata._setlocale_r.str1.4
                0x080083d4        0xa c:/progra~1/gcc-ar~1/bin/../lib/gcc/arm-none-eabi/9.2.1/../../../../arm-none-eabi/lib/thumb/v7e-m+fp/hard\libg.a(lib_a-locale.o)
                                  0xd (size before relaxing)
 *fill*         0x080083de        0x2 
 .rodata.str1.4
                0x080083e0        0x2 c:/progra~1/gcc-ar~1/bin/../lib/gcc/arm-none-eabi/9.2.1/../../../../arm-none-eabi/lib/thumb/v7e-m+fp/hard\libg.a(lib_a-locale.o)
 *fill*         0x080083e2        0x2 
 .rodata._ctype_
                0x080083e4      0x101 c:/progra~1/gcc-ar~1/bin/../lib/gcc/arm-none-eabi/9.2.1/../../../../arm-none-eabi/lib/thumb/v7e-m+fp/hard\libg.a(lib_a-ctype_.o)
                0x080083e4                _ctype_
                0x080084e8                . = ALIGN (0x4)
 *fill*         0x080084e5        0x3 

.ARM.extab      0x080084e8        0x0
                0x080084e8                . = ALIGN (0x4)
 *(.ARM.extab* .gnu.linkonce.armextab.*)
                0x080084e8                . = ALIGN (0x4)

.ARM            0x080084e8        0x8
                0x080084e8                . = ALIGN (0x4)
                0x080084e8                __exidx_start = .
 *(.ARM.exidx*)
 .ARM.exidx     0x080084e8        0x8 c:/progra~1/gcc-ar~1/bin/../lib/gcc/arm-none-eabi/9.2.1/thumb/v7e-m+fp/hard\libgcc.a(_udivmoddi4.o)
                0x080084f0                __exidx_end = .
                0x080084f0                . = ALIGN (0x4)

.rel.dyn        0x080084f0        0x0
 .rel.iplt      0x080084f0        0x0 c:/progra~1/gcc-ar~1/bin/../lib/gcc/arm-none-eabi/9.2.1/thumb/v7e-m+fp/hard/crtbegin.o

.preinit_array  0x080084f0        0x0
                0x080084f0                . = ALIGN (0x4)
                0x080084f0                PROVIDE (__preinit_array_start = .)
 *(.preinit_array*)
                0x080084f0                PROVIDE (__preinit_array_end = .)
                0x080084f0                . = ALIGN (0x4)

.init_array     0x080084f0        0x8
                0x080084f0                . = ALIGN (0x4)
                0x080084f0                PROVIDE (__init_array_start = .)
 *(SORT_BY_NAME(.init_array.*))
 .init_array.00000
                0x080084f0        0x4 c:/progra~1/gcc-ar~1/bin/../lib/gcc/arm-none-eabi/9.2.1/../../../../arm-none-eabi/lib/thumb/v7e-m+fp/hard\libg.a(lib_a-__call_atexit.o)
 *(.init_array*)
 .init_array    0x080084f4        0x4 c:/progra~1/gcc-ar~1/bin/../lib/gcc/arm-none-eabi/9.2.1/thumb/v7e-m+fp/hard/crtbegin.o
                0x080084f8                PROVIDE (__init_array_end = .)
                0x080084f8                . = ALIGN (0x4)

.fini_array     0x080084f8        0x4
                0x080084f8                . = ALIGN (0x4)
                0x080084f8                PROVIDE (__fini_array_start = .)
 *(SORT_BY_NAME(.fini_array.*))
 *(.fini_array*)
 .fini_array    0x080084f8        0x4 c:/progra~1/gcc-ar~1/bin/../lib/gcc/arm-none-eabi/9.2.1/thumb/v7e-m+fp/hard/crtbegin.o
                0x080084fc                PROVIDE (__fini_array_end = .)
                0x080084fc                . = ALIGN (0x4)
                0x080084fc                _sidata = LOADADDR (.data)

.data           0x20000000      0x9d8 load address 0x080084fc
                0x20000000                . = ALIGN (0x4)
                0x20000000                _sdata = .
 *(.data)
 *(.data*)
 .data.kd_speed
                0x20000000        0x4 CMakeFiles/M3508_F405RGT6.elf.dir/Core/Src/main.c.obj
                0x20000000                kd_speed
 .data.ki_speed
                0x20000004        0x4 CMakeFiles/M3508_F405RGT6.elf.dir/Core/Src/main.c.obj
                0x20000004                ki_speed
 .data.kp_angle
                0x20000008        0x4 CMakeFiles/M3508_F405RGT6.elf.dir/Core/Src/main.c.obj
                0x20000008                kp_angle
 .data.kp_speed
                0x2000000c        0x4 CMakeFiles/M3508_F405RGT6.elf.dir/Core/Src/main.c.obj
                0x2000000c                kp_speed
 .data.target_pos
                0x20000010        0x4 CMakeFiles/M3508_F405RGT6.elf.dir/Core/Src/main.c.obj
                0x20000010                target_pos
 .data.target_spd
                0x20000014        0x4 CMakeFiles/M3508_F405RGT6.elf.dir/Core/Src/main.c.obj
                0x20000014                target_spd
 .data.SystemCoreClock
                0x20000018        0x4 CMakeFiles/M3508_F405RGT6.elf.dir/Core/Src/system_stm32f4xx.c.obj
                0x20000018                SystemCoreClock
 .data.uwTickFreq
                0x2000001c        0x1 CMakeFiles/M3508_F405RGT6.elf.dir/Drivers/STM32F4xx_HAL_Driver/Src/stm32f4xx_hal.c.obj
                0x2000001c                uwTickFreq
 *fill*         0x2000001d        0x3 
 .data.uwTickPrio
                0x20000020        0x4 CMakeFiles/M3508_F405RGT6.elf.dir/Drivers/STM32F4xx_HAL_Driver/Src/stm32f4xx_hal.c.obj
                0x20000020                uwTickPrio
 .data.k        0x20000024        0x4 CMakeFiles/M3508_F405RGT6.elf.dir/User/CAN_Recv/CAN_Recv.c.obj
                0x20000024                k
 .data._impure_ptr
                0x20000028        0x4 c:/progra~1/gcc-ar~1/bin/../lib/gcc/arm-none-eabi/9.2.1/../../../../arm-none-eabi/lib/thumb/v7e-m+fp/hard\libg.a(lib_a-impure.o)
                0x20000028                _impure_ptr
 *fill*         0x2000002c        0x4 
 .data.impure_data
                0x20000030      0x428 c:/progra~1/gcc-ar~1/bin/../lib/gcc/arm-none-eabi/9.2.1/../../../../arm-none-eabi/lib/thumb/v7e-m+fp/hard\libg.a(lib_a-impure.o)
 .data.__atexit_recursive_mutex
                0x20000458        0x4 c:/progra~1/gcc-ar~1/bin/../lib/gcc/arm-none-eabi/9.2.1/../../../../arm-none-eabi/lib/thumb/v7e-m+fp/hard\libg.a(lib_a-__call_atexit.o)
                0x20000458                __atexit_recursive_mutex
 .data.__malloc_av_
                0x2000045c      0x408 c:/progra~1/gcc-ar~1/bin/../lib/gcc/arm-none-eabi/9.2.1/../../../../arm-none-eabi/lib/thumb/v7e-m+fp/hard\libg.a(lib_a-mallocr.o)
                0x2000045c                __malloc_av_
 .data.__malloc_sbrk_base
                0x20000864        0x4 c:/progra~1/gcc-ar~1/bin/../lib/gcc/arm-none-eabi/9.2.1/../../../../arm-none-eabi/lib/thumb/v7e-m+fp/hard\libg.a(lib_a-mallocr.o)
                0x20000864                __malloc_sbrk_base
 .data.__malloc_trim_threshold
                0x20000868        0x4 c:/progra~1/gcc-ar~1/bin/../lib/gcc/arm-none-eabi/9.2.1/../../../../arm-none-eabi/lib/thumb/v7e-m+fp/hard\libg.a(lib_a-mallocr.o)
                0x20000868                __malloc_trim_threshold
 .data.__global_locale
                0x2000086c      0x16c c:/progra~1/gcc-ar~1/bin/../lib/gcc/arm-none-eabi/9.2.1/../../../../arm-none-eabi/lib/thumb/v7e-m+fp/hard\libg.a(lib_a-locale.o)
                0x2000086c                __global_locale
 *(.RamFunc)
 *(.RamFunc*)
                0x200009d8                . = ALIGN (0x4)
                0x200009d8                _edata = .
                0x08008ed4                _siccmram = LOADADDR (.ccmram)

.igot.plt       0x200009d8        0x0 load address 0x08008ed4
 .igot.plt      0x200009d8        0x0 c:/progra~1/gcc-ar~1/bin/../lib/gcc/arm-none-eabi/9.2.1/thumb/v7e-m+fp/hard/crtbegin.o

.ccmram         0x10000000        0x0 load address 0x08008ed4
                0x10000000                . = ALIGN (0x4)
                0x10000000                _sccmram = .
 *(.ccmram)
 *(.ccmram*)
                0x10000000                . = ALIGN (0x4)
                0x10000000                _eccmram = .
                0x10000000                . = ALIGN (0x4)

.bss            0x200009d8      0xb4c
                0x200009d8                _sbss = .
                0x200009d8                __bss_start__ = _sbss
 *(.bss)
 .bss           0x200009d8       0x1c c:/progra~1/gcc-ar~1/bin/../lib/gcc/arm-none-eabi/9.2.1/thumb/v7e-m+fp/hard/crtbegin.o
 *(.bss*)
 .bss.HAL_RCC_CAN1_CLK_ENABLED
                0x200009f4        0x4 CMakeFiles/M3508_F405RGT6.elf.dir/Core/Src/can.c.obj
 .bss.hcan1     0x200009f8       0x28 CMakeFiles/M3508_F405RGT6.elf.dir/Core/Src/can.c.obj
                0x200009f8                hcan1
 .bss.hcan2     0x20000a20       0x28 CMakeFiles/M3508_F405RGT6.elf.dir/Core/Src/can.c.obj
                0x20000a20                hcan2
 .bss.kd_angle  0x20000a48        0x4 CMakeFiles/M3508_F405RGT6.elf.dir/Core/Src/main.c.obj
                0x20000a48                kd_angle
 .bss.ki_angle  0x20000a4c        0x4 CMakeFiles/M3508_F405RGT6.elf.dir/Core/Src/main.c.obj
                0x20000a4c                ki_angle
 .bss.htim1     0x20000a50       0x48 CMakeFiles/M3508_F405RGT6.elf.dir/Core/Src/stm32f4xx_hal_timebase_tim.c.obj
                0x20000a50                htim1
 .bss.__sbrk_heap_end
                0x20000a98        0x4 CMakeFiles/M3508_F405RGT6.elf.dir/Core/Src/sysmem.c.obj
 .bss.DataBuff  0x20000a9c       0xc8 CMakeFiles/M3508_F405RGT6.elf.dir/Core/Src/usart.c.obj
                0x20000a9c                DataBuff
 .bss.RxBuffer  0x20000b64        0x1 CMakeFiles/M3508_F405RGT6.elf.dir/Core/Src/usart.c.obj
                0x20000b64                RxBuffer
 *fill*         0x20000b65        0x1 
 .bss.RxLine    0x20000b66        0x2 CMakeFiles/M3508_F405RGT6.elf.dir/Core/Src/usart.c.obj
                0x20000b66                RxLine
 .bss.ap.9583   0x20000b68        0x4 CMakeFiles/M3508_F405RGT6.elf.dir/Core/Src/usart.c.obj
 .bss.huart1    0x20000b6c       0x44 CMakeFiles/M3508_F405RGT6.elf.dir/Core/Src/usart.c.obj
                0x20000b6c                huart1
 .bss.tx_buf.9582
                0x20000bb0      0x100 CMakeFiles/M3508_F405RGT6.elf.dir/Core/Src/usart.c.obj
 .bss.uwTick    0x20000cb0        0x4 CMakeFiles/M3508_F405RGT6.elf.dir/Drivers/STM32F4xx_HAL_Driver/Src/stm32f4xx_hal.c.obj
                0x20000cb0                uwTick
 .bss.ADRC_Ctrl
                0x20000cb4        0x4 CMakeFiles/M3508_F405RGT6.elf.dir/User/ADRC/ADRC.c.obj
                0x20000cb4                ADRC_Ctrl
 .bss.chassis_can_send_data
                0x20000cb8        0x8 CMakeFiles/M3508_F405RGT6.elf.dir/User/CAN_Recv/CAN_Recv.c.obj
 .bss.chassis_tx_message
                0x20000cc0       0x18 CMakeFiles/M3508_F405RGT6.elf.dir/User/CAN_Recv/CAN_Recv.c.obj
 .bss.motor_CAN1
                0x20000cd8      0x150 CMakeFiles/M3508_F405RGT6.elf.dir/User/CAN_Recv/CAN_Recv.c.obj
                0x20000cd8                motor_CAN1
 .bss.motor_CAN2
                0x20000e28      0x150 CMakeFiles/M3508_F405RGT6.elf.dir/User/CAN_Recv/CAN_Recv.c.obj
                0x20000e28                motor_CAN2
 .bss.motor_pid
                0x20000f78      0x1c0 CMakeFiles/M3508_F405RGT6.elf.dir/User/PID/PID.c.obj
                0x20000f78                motor_pid
 .bss.pid_pos   0x20001138      0x1c0 CMakeFiles/M3508_F405RGT6.elf.dir/User/PID/PID.c.obj
                0x20001138                pid_pos
 .bss.pid_rpm   0x200012f8      0x1c0 CMakeFiles/M3508_F405RGT6.elf.dir/User/PID/PID.c.obj
                0x200012f8                pid_rpm
 .bss.set_speed
                0x200014b8       0x10 CMakeFiles/M3508_F405RGT6.elf.dir/User/PID/PID.c.obj
                0x200014b8                set_speed
 .bss.__malloc_current_mallinfo
                0x200014c8       0x28 c:/progra~1/gcc-ar~1/bin/../lib/gcc/arm-none-eabi/9.2.1/../../../../arm-none-eabi/lib/thumb/v7e-m+fp/hard\libg.a(lib_a-mallocr.o)
                0x200014c8                __malloc_current_mallinfo
 .bss.__malloc_max_sbrked_mem
                0x200014f0        0x4 c:/progra~1/gcc-ar~1/bin/../lib/gcc/arm-none-eabi/9.2.1/../../../../arm-none-eabi/lib/thumb/v7e-m+fp/hard\libg.a(lib_a-mallocr.o)
                0x200014f0                __malloc_max_sbrked_mem
 .bss.__malloc_max_total_mem
                0x200014f4        0x4 c:/progra~1/gcc-ar~1/bin/../lib/gcc/arm-none-eabi/9.2.1/../../../../arm-none-eabi/lib/thumb/v7e-m+fp/hard\libg.a(lib_a-mallocr.o)
                0x200014f4                __malloc_max_total_mem
 .bss.__malloc_top_pad
                0x200014f8        0x4 c:/progra~1/gcc-ar~1/bin/../lib/gcc/arm-none-eabi/9.2.1/../../../../arm-none-eabi/lib/thumb/v7e-m+fp/hard\libg.a(lib_a-mallocr.o)
                0x200014f8                __malloc_top_pad
 *(COMMON)
 COMMON         0x200014fc       0x21 c:/progra~1/gcc-ar~1/bin/../lib/gcc/arm-none-eabi/9.2.1/../../../../arm-none-eabi/lib/thumb/v7e-m+fp/hard\libg.a(lib_a-lock.o)
                0x200014fc                __lock___atexit_recursive_mutex
                0x20001500                __lock___arc4random_mutex
                0x20001504                __lock___env_recursive_mutex
                0x20001508                __lock___sinit_recursive_mutex
                0x2000150c                __lock___malloc_recursive_mutex
                0x20001510                __lock___at_quick_exit_mutex
                0x20001514                __lock___dd_hash_mutex
                0x20001518                __lock___tz_mutex
                0x2000151c                __lock___sfp_recursive_mutex
 *fill*         0x2000151d        0x3 
 COMMON         0x20001520        0x4 c:/progra~1/gcc-ar~1/bin/../lib/gcc/arm-none-eabi/9.2.1/../../../../arm-none-eabi/lib/thumb/v7e-m+fp/hard\libg.a(lib_a-reent.o)
                0x20001520                errno
                0x20001524                . = ALIGN (0x4)
                0x20001524                _ebss = .
                0x20001524                __bss_end__ = _ebss

._user_heap_stack
                0x20001524      0x604
                0x20001528                . = ALIGN (0x8)
 *fill*         0x20001524        0x4 
                [!provide]                PROVIDE (end = .)
                0x20001528                PROVIDE (_end = .)
                0x20001728                . = (. + _Min_Heap_Size)
 *fill*         0x20001528      0x200 
                0x20001b28                . = (. + _Min_Stack_Size)
 *fill*         0x20001728      0x400 
                0x20001b28                . = ALIGN (0x8)

/DISCARD/
 libc.a(*)
 libm.a(*)
 libgcc.a(*)

.ARM.attributes
                0x00000000       0x30
 *(.ARM.attributes)
 .ARM.attributes
                0x00000000       0x1e c:/progra~1/gcc-ar~1/bin/../lib/gcc/arm-none-eabi/9.2.1/thumb/v7e-m+fp/hard/crti.o
 .ARM.attributes
                0x0000001e       0x34 c:/progra~1/gcc-ar~1/bin/../lib/gcc/arm-none-eabi/9.2.1/thumb/v7e-m+fp/hard/crtbegin.o
 .ARM.attributes
                0x00000052       0x34 CMakeFiles/M3508_F405RGT6.elf.dir/Core/Src/can.c.obj
 .ARM.attributes
                0x00000086       0x34 CMakeFiles/M3508_F405RGT6.elf.dir/Core/Src/gpio.c.obj
 .ARM.attributes
                0x000000ba       0x34 CMakeFiles/M3508_F405RGT6.elf.dir/Core/Src/main.c.obj
 .ARM.attributes
                0x000000ee       0x34 CMakeFiles/M3508_F405RGT6.elf.dir/Core/Src/stm32f4xx_hal_msp.c.obj
 .ARM.attributes
                0x00000122       0x34 CMakeFiles/M3508_F405RGT6.elf.dir/Core/Src/stm32f4xx_hal_timebase_tim.c.obj
 .ARM.attributes
                0x00000156       0x34 CMakeFiles/M3508_F405RGT6.elf.dir/Core/Src/stm32f4xx_it.c.obj
 .ARM.attributes
                0x0000018a       0x34 CMakeFiles/M3508_F405RGT6.elf.dir/Core/Src/sysmem.c.obj
 .ARM.attributes
                0x000001be       0x34 CMakeFiles/M3508_F405RGT6.elf.dir/Core/Src/system_stm32f4xx.c.obj
 .ARM.attributes
                0x000001f2       0x34 CMakeFiles/M3508_F405RGT6.elf.dir/Core/Src/usart.c.obj
 .ARM.attributes
                0x00000226       0x21 CMakeFiles/M3508_F405RGT6.elf.dir/Core/Startup/startup_stm32f405rgtx.s.obj
 .ARM.attributes
                0x00000247       0x34 CMakeFiles/M3508_F405RGT6.elf.dir/Drivers/STM32F4xx_HAL_Driver/Src/stm32f4xx_hal.c.obj
 .ARM.attributes
                0x0000027b       0x34 CMakeFiles/M3508_F405RGT6.elf.dir/Drivers/STM32F4xx_HAL_Driver/Src/stm32f4xx_hal_can.c.obj
 .ARM.attributes
                0x000002af       0x34 CMakeFiles/M3508_F405RGT6.elf.dir/Drivers/STM32F4xx_HAL_Driver/Src/stm32f4xx_hal_cortex.c.obj
 .ARM.attributes
                0x000002e3       0x34 CMakeFiles/M3508_F405RGT6.elf.dir/Drivers/STM32F4xx_HAL_Driver/Src/stm32f4xx_hal_dma.c.obj
 .ARM.attributes
                0x00000317       0x34 CMakeFiles/M3508_F405RGT6.elf.dir/Drivers/STM32F4xx_HAL_Driver/Src/stm32f4xx_hal_gpio.c.obj
 .ARM.attributes
                0x0000034b       0x34 CMakeFiles/M3508_F405RGT6.elf.dir/Drivers/STM32F4xx_HAL_Driver/Src/stm32f4xx_hal_rcc.c.obj
 .ARM.attributes
                0x0000037f       0x34 CMakeFiles/M3508_F405RGT6.elf.dir/Drivers/STM32F4xx_HAL_Driver/Src/stm32f4xx_hal_tim.c.obj
 .ARM.attributes
                0x000003b3       0x34 CMakeFiles/M3508_F405RGT6.elf.dir/Drivers/STM32F4xx_HAL_Driver/Src/stm32f4xx_hal_tim_ex.c.obj
 .ARM.attributes
                0x000003e7       0x34 CMakeFiles/M3508_F405RGT6.elf.dir/Drivers/STM32F4xx_HAL_Driver/Src/stm32f4xx_hal_uart.c.obj
 .ARM.attributes
                0x0000041b       0x34 CMakeFiles/M3508_F405RGT6.elf.dir/User/ADRC/ADRC.c.obj
 .ARM.attributes
                0x0000044f       0x34 CMakeFiles/M3508_F405RGT6.elf.dir/User/CAN_Recv/CAN_Recv.c.obj
 .ARM.attributes
                0x00000483       0x34 CMakeFiles/M3508_F405RGT6.elf.dir/User/PID/PID.c.obj
 .ARM.attributes
                0x000004b7       0x1e c:/progra~1/gcc-ar~1/bin/../lib/gcc/arm-none-eabi/9.2.1/thumb/v7e-m+fp/hard\libgcc.a(_arm_addsubdf3.o)
 .ARM.attributes
                0x000004d5       0x1e c:/progra~1/gcc-ar~1/bin/../lib/gcc/arm-none-eabi/9.2.1/thumb/v7e-m+fp/hard\libgcc.a(_arm_muldivdf3.o)
 .ARM.attributes
                0x000004f3       0x1e c:/progra~1/gcc-ar~1/bin/../lib/gcc/arm-none-eabi/9.2.1/thumb/v7e-m+fp/hard\libgcc.a(_arm_cmpdf2.o)
 .ARM.attributes
                0x00000511       0x1e c:/progra~1/gcc-ar~1/bin/../lib/gcc/arm-none-eabi/9.2.1/thumb/v7e-m+fp/hard\libgcc.a(_arm_fixdfsi.o)
 .ARM.attributes
                0x0000052f       0x1e c:/progra~1/gcc-ar~1/bin/../lib/gcc/arm-none-eabi/9.2.1/thumb/v7e-m+fp/hard\libgcc.a(_arm_truncdfsf2.o)
 .ARM.attributes
                0x0000054d       0x1e c:/progra~1/gcc-ar~1/bin/../lib/gcc/arm-none-eabi/9.2.1/thumb/v7e-m+fp/hard\libgcc.a(_aeabi_uldivmod.o)
 .ARM.attributes
                0x0000056b       0x34 c:/progra~1/gcc-ar~1/bin/../lib/gcc/arm-none-eabi/9.2.1/thumb/v7e-m+fp/hard\libgcc.a(_udivmoddi4.o)
 .ARM.attributes
                0x0000059f       0x1e c:/progra~1/gcc-ar~1/bin/../lib/gcc/arm-none-eabi/9.2.1/thumb/v7e-m+fp/hard\libgcc.a(_dvmd_tls.o)
 .ARM.attributes
                0x000005bd       0x34 c:/progra~1/gcc-ar~1/bin/../lib/gcc/arm-none-eabi/9.2.1/../../../../arm-none-eabi/lib/thumb/v7e-m+fp/hard\libg.a(lib_a-errno.o)
 .ARM.attributes
                0x000005f1       0x32 c:/progra~1/gcc-ar~1/bin/../lib/gcc/arm-none-eabi/9.2.1/../../../../arm-none-eabi/lib/thumb/v7e-m+fp/hard\libg.a(lib_a-impure.o)
 .ARM.attributes
                0x00000623       0x34 c:/progra~1/gcc-ar~1/bin/../lib/gcc/arm-none-eabi/9.2.1/../../../../arm-none-eabi/lib/thumb/v7e-m+fp/hard\libg.a(lib_a-init.o)
 .ARM.attributes
                0x00000657       0x34 c:/progra~1/gcc-ar~1/bin/../lib/gcc/arm-none-eabi/9.2.1/../../../../arm-none-eabi/lib/thumb/v7e-m+fp/hard\libg.a(lib_a-memset.o)
 .ARM.attributes
                0x0000068b       0x34 c:/progra~1/gcc-ar~1/bin/../lib/gcc/arm-none-eabi/9.2.1/../../../../arm-none-eabi/lib/thumb/v7e-m+fp/hard\libg.a(lib_a-vsprintf.o)
 .ARM.attributes
                0x000006bf       0x34 c:/progra~1/gcc-ar~1/bin/../lib/gcc/arm-none-eabi/9.2.1/../../../../arm-none-eabi/lib/thumb/v7e-m+fp/hard\libg.a(lib_a-__call_atexit.o)
 .ARM.attributes
                0x000006f3       0x34 c:/progra~1/gcc-ar~1/bin/../lib/gcc/arm-none-eabi/9.2.1/../../../../arm-none-eabi/lib/thumb/v7e-m+fp/hard\libg.a(lib_a-atexit.o)
 .ARM.attributes
                0x00000727       0x34 c:/progra~1/gcc-ar~1/bin/../lib/gcc/arm-none-eabi/9.2.1/../../../../arm-none-eabi/lib/thumb/v7e-m+fp/hard\libg.a(lib_a-fini.o)
 .ARM.attributes
                0x0000075b       0x34 c:/progra~1/gcc-ar~1/bin/../lib/gcc/arm-none-eabi/9.2.1/../../../../arm-none-eabi/lib/thumb/v7e-m+fp/hard\libg.a(lib_a-lock.o)
 .ARM.attributes
                0x0000078f       0x34 c:/progra~1/gcc-ar~1/bin/../lib/gcc/arm-none-eabi/9.2.1/../../../../arm-none-eabi/lib/thumb/v7e-m+fp/hard\libg.a(lib_a-svfprintf.o)
 .ARM.attributes
                0x000007c3       0x34 c:/progra~1/gcc-ar~1/bin/../lib/gcc/arm-none-eabi/9.2.1/../../../../arm-none-eabi/lib/thumb/v7e-m+fp/hard\libg.a(lib_a-__atexit.o)
 .ARM.attributes
                0x000007f7       0x34 c:/progra~1/gcc-ar~1/bin/../lib/gcc/arm-none-eabi/9.2.1/../../../../arm-none-eabi/lib/thumb/v7e-m+fp/hard\libg.a(lib_a-dtoa.o)
 .ARM.attributes
                0x0000082b       0x34 c:/progra~1/gcc-ar~1/bin/../lib/gcc/arm-none-eabi/9.2.1/../../../../arm-none-eabi/lib/thumb/v7e-m+fp/hard\libg.a(lib_a-freer.o)
 .ARM.attributes
                0x0000085f       0x34 c:/progra~1/gcc-ar~1/bin/../lib/gcc/arm-none-eabi/9.2.1/../../../../arm-none-eabi/lib/thumb/v7e-m+fp/hard\libg.a(lib_a-localeconv.o)
 .ARM.attributes
                0x00000893       0x34 c:/progra~1/gcc-ar~1/bin/../lib/gcc/arm-none-eabi/9.2.1/../../../../arm-none-eabi/lib/thumb/v7e-m+fp/hard\libg.a(lib_a-mallocr.o)
 .ARM.attributes
                0x000008c7       0x1c c:/progra~1/gcc-ar~1/bin/../lib/gcc/arm-none-eabi/9.2.1/../../../../arm-none-eabi/lib/thumb/v7e-m+fp/hard\libg.a(lib_a-memchr.o)
 .ARM.attributes
                0x000008e3       0x1c c:/progra~1/gcc-ar~1/bin/../lib/gcc/arm-none-eabi/9.2.1/../../../../arm-none-eabi/lib/thumb/v7e-m+fp/hard\libg.a(lib_a-memcpy.o)
 .ARM.attributes
                0x000008ff       0x34 c:/progra~1/gcc-ar~1/bin/../lib/gcc/arm-none-eabi/9.2.1/../../../../arm-none-eabi/lib/thumb/v7e-m+fp/hard\libg.a(lib_a-mlock.o)
 .ARM.attributes
                0x00000933       0x34 c:/progra~1/gcc-ar~1/bin/../lib/gcc/arm-none-eabi/9.2.1/../../../../arm-none-eabi/lib/thumb/v7e-m+fp/hard\libg.a(lib_a-mprec.o)
 .ARM.attributes
                0x00000967       0x34 c:/progra~1/gcc-ar~1/bin/../lib/gcc/arm-none-eabi/9.2.1/../../../../arm-none-eabi/lib/thumb/v7e-m+fp/hard\libg.a(lib_a-s_frexp.o)
 .ARM.attributes
                0x0000099b       0x34 c:/progra~1/gcc-ar~1/bin/../lib/gcc/arm-none-eabi/9.2.1/../../../../arm-none-eabi/lib/thumb/v7e-m+fp/hard\libg.a(lib_a-sbrkr.o)
 .ARM.attributes
                0x000009cf       0x1c c:/progra~1/gcc-ar~1/bin/../lib/gcc/arm-none-eabi/9.2.1/../../../../arm-none-eabi/lib/thumb/v7e-m+fp/hard\libg.a(lib_a-strlen.o)
 .ARM.attributes
                0x000009eb       0x34 c:/progra~1/gcc-ar~1/bin/../lib/gcc/arm-none-eabi/9.2.1/../../../../arm-none-eabi/lib/thumb/v7e-m+fp/hard\libg.a(lib_a-strncpy.o)
 .ARM.attributes
                0x00000a1f       0x34 c:/progra~1/gcc-ar~1/bin/../lib/gcc/arm-none-eabi/9.2.1/../../../../arm-none-eabi/lib/thumb/v7e-m+fp/hard\libg.a(lib_a-svfiprintf.o)
 .ARM.attributes
                0x00000a53       0x34 c:/progra~1/gcc-ar~1/bin/../lib/gcc/arm-none-eabi/9.2.1/../../../../arm-none-eabi/lib/thumb/v7e-m+fp/hard\libg.a(lib_a-callocr.o)
 .ARM.attributes
                0x00000a87       0x34 c:/progra~1/gcc-ar~1/bin/../lib/gcc/arm-none-eabi/9.2.1/../../../../arm-none-eabi/lib/thumb/v7e-m+fp/hard\libg.a(lib_a-locale.o)
 .ARM.attributes
                0x00000abb       0x34 c:/progra~1/gcc-ar~1/bin/../lib/gcc/arm-none-eabi/9.2.1/../../../../arm-none-eabi/lib/thumb/v7e-m+fp/hard\libg.a(lib_a-mbtowc_r.o)
 .ARM.attributes
                0x00000aef       0x34 c:/progra~1/gcc-ar~1/bin/../lib/gcc/arm-none-eabi/9.2.1/../../../../arm-none-eabi/lib/thumb/v7e-m+fp/hard\libg.a(lib_a-memmove.o)
 .ARM.attributes
                0x00000b23       0x34 c:/progra~1/gcc-ar~1/bin/../lib/gcc/arm-none-eabi/9.2.1/../../../../arm-none-eabi/lib/thumb/v7e-m+fp/hard\libg.a(lib_a-reallocr.o)
 .ARM.attributes
                0x00000b57       0x34 c:/progra~1/gcc-ar~1/bin/../lib/gcc/arm-none-eabi/9.2.1/../../../../arm-none-eabi/lib/thumb/v7e-m+fp/hard\libg.a(lib_a-reent.o)
 .ARM.attributes
                0x00000b8b       0x34 c:/progra~1/gcc-ar~1/bin/../lib/gcc/arm-none-eabi/9.2.1/../../../../arm-none-eabi/lib/thumb/v7e-m+fp/hard\libg.a(lib_a-wctomb_r.o)
 .ARM.attributes
                0x00000bbf       0x32 c:/progra~1/gcc-ar~1/bin/../lib/gcc/arm-none-eabi/9.2.1/../../../../arm-none-eabi/lib/thumb/v7e-m+fp/hard\libg.a(lib_a-ctype_.o)
 .ARM.attributes
                0x00000bf1       0x1e c:/progra~1/gcc-ar~1/bin/../lib/gcc/arm-none-eabi/9.2.1/thumb/v7e-m+fp/hard\libgcc.a(_arm_unorddf2.o)
 .ARM.attributes
                0x00000c0f       0x1e c:/progra~1/gcc-ar~1/bin/../lib/gcc/arm-none-eabi/9.2.1/thumb/v7e-m+fp/hard/crtn.o
OUTPUT(M3508_F405RGT6.elf elf32-littlearm)

.debug_info     0x00000000    0x18c64
 .debug_info    0x00000000      0xd96 CMakeFiles/M3508_F405RGT6.elf.dir/Core/Src/can.c.obj
 .debug_info    0x00000d96      0x414 CMakeFiles/M3508_F405RGT6.elf.dir/Core/Src/gpio.c.obj
 .debug_info    0x000011aa     0x21ec CMakeFiles/M3508_F405RGT6.elf.dir/Core/Src/main.c.obj
 .debug_info    0x00003396      0x3f7 CMakeFiles/M3508_F405RGT6.elf.dir/Core/Src/stm32f4xx_hal_msp.c.obj
 .debug_info    0x0000378d      0xd4d CMakeFiles/M3508_F405RGT6.elf.dir/Core/Src/stm32f4xx_hal_timebase_tim.c.obj
 .debug_info    0x000044da      0xf20 CMakeFiles/M3508_F405RGT6.elf.dir/Core/Src/stm32f4xx_it.c.obj
 .debug_info    0x000053fa      0xa3a CMakeFiles/M3508_F405RGT6.elf.dir/Core/Src/sysmem.c.obj
 .debug_info    0x00005e34      0x5b9 CMakeFiles/M3508_F405RGT6.elf.dir/Core/Src/system_stm32f4xx.c.obj
 .debug_info    0x000063ed     0x1c80 CMakeFiles/M3508_F405RGT6.elf.dir/Core/Src/usart.c.obj
 .debug_info    0x0000806d       0x22 CMakeFiles/M3508_F405RGT6.elf.dir/Core/Startup/startup_stm32f405rgtx.s.obj
 .debug_info    0x0000808f      0xa67 CMakeFiles/M3508_F405RGT6.elf.dir/Drivers/STM32F4xx_HAL_Driver/Src/stm32f4xx_hal.c.obj
 .debug_info    0x00008af6     0x133a CMakeFiles/M3508_F405RGT6.elf.dir/Drivers/STM32F4xx_HAL_Driver/Src/stm32f4xx_hal_can.c.obj
 .debug_info    0x00009e30     0x1142 CMakeFiles/M3508_F405RGT6.elf.dir/Drivers/STM32F4xx_HAL_Driver/Src/stm32f4xx_hal_cortex.c.obj
 .debug_info    0x0000af72      0xbed CMakeFiles/M3508_F405RGT6.elf.dir/Drivers/STM32F4xx_HAL_Driver/Src/stm32f4xx_hal_dma.c.obj
 .debug_info    0x0000bb5f      0x884 CMakeFiles/M3508_F405RGT6.elf.dir/Drivers/STM32F4xx_HAL_Driver/Src/stm32f4xx_hal_gpio.c.obj
 .debug_info    0x0000c3e3      0xb5d CMakeFiles/M3508_F405RGT6.elf.dir/Drivers/STM32F4xx_HAL_Driver/Src/stm32f4xx_hal_rcc.c.obj
 .debug_info    0x0000cf40     0x3e3b CMakeFiles/M3508_F405RGT6.elf.dir/Drivers/STM32F4xx_HAL_Driver/Src/stm32f4xx_hal_tim.c.obj
 .debug_info    0x00010d7b     0x1bc8 CMakeFiles/M3508_F405RGT6.elf.dir/Drivers/STM32F4xx_HAL_Driver/Src/stm32f4xx_hal_tim_ex.c.obj
 .debug_info    0x00012943     0x4302 CMakeFiles/M3508_F405RGT6.elf.dir/Drivers/STM32F4xx_HAL_Driver/Src/stm32f4xx_hal_uart.c.obj
 .debug_info    0x00016c45      0x1ff CMakeFiles/M3508_F405RGT6.elf.dir/User/ADRC/ADRC.c.obj
 .debug_info    0x00016e44      0xba3 CMakeFiles/M3508_F405RGT6.elf.dir/User/CAN_Recv/CAN_Recv.c.obj
 .debug_info    0x000179e7     0x127d CMakeFiles/M3508_F405RGT6.elf.dir/User/PID/PID.c.obj

.debug_abbrev   0x00000000     0x309f
 .debug_abbrev  0x00000000      0x210 CMakeFiles/M3508_F405RGT6.elf.dir/Core/Src/can.c.obj
 .debug_abbrev  0x00000210      0x11a CMakeFiles/M3508_F405RGT6.elf.dir/Core/Src/gpio.c.obj
 .debug_abbrev  0x0000032a      0x379 CMakeFiles/M3508_F405RGT6.elf.dir/Core/Src/main.c.obj
 .debug_abbrev  0x000006a3      0x11a CMakeFiles/M3508_F405RGT6.elf.dir/Core/Src/stm32f4xx_hal_msp.c.obj
 .debug_abbrev  0x000007bd      0x219 CMakeFiles/M3508_F405RGT6.elf.dir/Core/Src/stm32f4xx_hal_timebase_tim.c.obj
 .debug_abbrev  0x000009d6      0x1d5 CMakeFiles/M3508_F405RGT6.elf.dir/Core/Src/stm32f4xx_it.c.obj
 .debug_abbrev  0x00000bab      0x23e CMakeFiles/M3508_F405RGT6.elf.dir/Core/Src/sysmem.c.obj
 .debug_abbrev  0x00000de9      0x148 CMakeFiles/M3508_F405RGT6.elf.dir/Core/Src/system_stm32f4xx.c.obj
 .debug_abbrev  0x00000f31      0x3b2 CMakeFiles/M3508_F405RGT6.elf.dir/Core/Src/usart.c.obj
 .debug_abbrev  0x000012e3       0x12 CMakeFiles/M3508_F405RGT6.elf.dir/Core/Startup/startup_stm32f405rgtx.s.obj
 .debug_abbrev  0x000012f5      0x219 CMakeFiles/M3508_F405RGT6.elf.dir/Drivers/STM32F4xx_HAL_Driver/Src/stm32f4xx_hal.c.obj
 .debug_abbrev  0x0000150e      0x283 CMakeFiles/M3508_F405RGT6.elf.dir/Drivers/STM32F4xx_HAL_Driver/Src/stm32f4xx_hal_can.c.obj
 .debug_abbrev  0x00001791      0x390 CMakeFiles/M3508_F405RGT6.elf.dir/Drivers/STM32F4xx_HAL_Driver/Src/stm32f4xx_hal_cortex.c.obj
 .debug_abbrev  0x00001b21      0x2d5 CMakeFiles/M3508_F405RGT6.elf.dir/Drivers/STM32F4xx_HAL_Driver/Src/stm32f4xx_hal_dma.c.obj
 .debug_abbrev  0x00001df6      0x21c CMakeFiles/M3508_F405RGT6.elf.dir/Drivers/STM32F4xx_HAL_Driver/Src/stm32f4xx_hal_gpio.c.obj
 .debug_abbrev  0x00002012      0x2ae CMakeFiles/M3508_F405RGT6.elf.dir/Drivers/STM32F4xx_HAL_Driver/Src/stm32f4xx_hal_rcc.c.obj
 .debug_abbrev  0x000022c0      0x258 CMakeFiles/M3508_F405RGT6.elf.dir/Drivers/STM32F4xx_HAL_Driver/Src/stm32f4xx_hal_tim.c.obj
 .debug_abbrev  0x00002518      0x26e CMakeFiles/M3508_F405RGT6.elf.dir/Drivers/STM32F4xx_HAL_Driver/Src/stm32f4xx_hal_tim_ex.c.obj
 .debug_abbrev  0x00002786      0x342 CMakeFiles/M3508_F405RGT6.elf.dir/Drivers/STM32F4xx_HAL_Driver/Src/stm32f4xx_hal_uart.c.obj
 .debug_abbrev  0x00002ac8      0x126 CMakeFiles/M3508_F405RGT6.elf.dir/User/ADRC/ADRC.c.obj
 .debug_abbrev  0x00002bee      0x219 CMakeFiles/M3508_F405RGT6.elf.dir/User/CAN_Recv/CAN_Recv.c.obj
 .debug_abbrev  0x00002e07      0x298 CMakeFiles/M3508_F405RGT6.elf.dir/User/PID/PID.c.obj

.debug_loc      0x00000000     0xf106
 .debug_loc     0x00000000       0xcb CMakeFiles/M3508_F405RGT6.elf.dir/Core/Src/can.c.obj
 .debug_loc     0x000000cb       0x88 CMakeFiles/M3508_F405RGT6.elf.dir/Core/Src/main.c.obj
 .debug_loc     0x00000153       0xa4 CMakeFiles/M3508_F405RGT6.elf.dir/Core/Src/stm32f4xx_hal_timebase_tim.c.obj
 .debug_loc     0x000001f7       0x64 CMakeFiles/M3508_F405RGT6.elf.dir/Core/Src/sysmem.c.obj
 .debug_loc     0x0000025b      0x16c CMakeFiles/M3508_F405RGT6.elf.dir/Core/Src/system_stm32f4xx.c.obj
 .debug_loc     0x000003c7      0x439 CMakeFiles/M3508_F405RGT6.elf.dir/Core/Src/usart.c.obj
 .debug_loc     0x00000800      0x141 CMakeFiles/M3508_F405RGT6.elf.dir/Drivers/STM32F4xx_HAL_Driver/Src/stm32f4xx_hal.c.obj
 .debug_loc     0x00000941      0xdd6 CMakeFiles/M3508_F405RGT6.elf.dir/Drivers/STM32F4xx_HAL_Driver/Src/stm32f4xx_hal_can.c.obj
 .debug_loc     0x00001717      0x744 CMakeFiles/M3508_F405RGT6.elf.dir/Drivers/STM32F4xx_HAL_Driver/Src/stm32f4xx_hal_cortex.c.obj
 .debug_loc     0x00001e5b      0xbf9 CMakeFiles/M3508_F405RGT6.elf.dir/Drivers/STM32F4xx_HAL_Driver/Src/stm32f4xx_hal_dma.c.obj
 .debug_loc     0x00002a54      0x513 CMakeFiles/M3508_F405RGT6.elf.dir/Drivers/STM32F4xx_HAL_Driver/Src/stm32f4xx_hal_gpio.c.obj
 .debug_loc     0x00002f67      0x56f CMakeFiles/M3508_F405RGT6.elf.dir/Drivers/STM32F4xx_HAL_Driver/Src/stm32f4xx_hal_rcc.c.obj
 .debug_loc     0x000034d6     0x4fba CMakeFiles/M3508_F405RGT6.elf.dir/Drivers/STM32F4xx_HAL_Driver/Src/stm32f4xx_hal_tim.c.obj
 .debug_loc     0x00008490     0x1c84 CMakeFiles/M3508_F405RGT6.elf.dir/Drivers/STM32F4xx_HAL_Driver/Src/stm32f4xx_hal_tim_ex.c.obj
 .debug_loc     0x0000a114     0x49ab CMakeFiles/M3508_F405RGT6.elf.dir/Drivers/STM32F4xx_HAL_Driver/Src/stm32f4xx_hal_uart.c.obj
 .debug_loc     0x0000eabf       0x9a CMakeFiles/M3508_F405RGT6.elf.dir/User/ADRC/ADRC.c.obj
 .debug_loc     0x0000eb59      0x194 CMakeFiles/M3508_F405RGT6.elf.dir/User/CAN_Recv/CAN_Recv.c.obj
 .debug_loc     0x0000eced      0x419 CMakeFiles/M3508_F405RGT6.elf.dir/User/PID/PID.c.obj

.debug_aranges  0x00000000      0xe70
 .debug_aranges
                0x00000000       0x38 CMakeFiles/M3508_F405RGT6.elf.dir/Core/Src/can.c.obj
 .debug_aranges
                0x00000038       0x20 CMakeFiles/M3508_F405RGT6.elf.dir/Core/Src/gpio.c.obj
 .debug_aranges
                0x00000058       0x38 CMakeFiles/M3508_F405RGT6.elf.dir/Core/Src/main.c.obj
 .debug_aranges
                0x00000090       0x20 CMakeFiles/M3508_F405RGT6.elf.dir/Core/Src/stm32f4xx_hal_msp.c.obj
 .debug_aranges
                0x000000b0       0x30 CMakeFiles/M3508_F405RGT6.elf.dir/Core/Src/stm32f4xx_hal_timebase_tim.c.obj
 .debug_aranges
                0x000000e0       0x78 CMakeFiles/M3508_F405RGT6.elf.dir/Core/Src/stm32f4xx_it.c.obj
 .debug_aranges
                0x00000158       0x20 CMakeFiles/M3508_F405RGT6.elf.dir/Core/Src/sysmem.c.obj
 .debug_aranges
                0x00000178       0x28 CMakeFiles/M3508_F405RGT6.elf.dir/Core/Src/system_stm32f4xx.c.obj
 .debug_aranges
                0x000001a0       0x50 CMakeFiles/M3508_F405RGT6.elf.dir/Core/Src/usart.c.obj
 .debug_aranges
                0x000001f0       0x28 CMakeFiles/M3508_F405RGT6.elf.dir/Core/Startup/startup_stm32f405rgtx.s.obj
 .debug_aranges
                0x00000218       0xf0 CMakeFiles/M3508_F405RGT6.elf.dir/Drivers/STM32F4xx_HAL_Driver/Src/stm32f4xx_hal.c.obj
 .debug_aranges
                0x00000308      0x138 CMakeFiles/M3508_F405RGT6.elf.dir/Drivers/STM32F4xx_HAL_Driver/Src/stm32f4xx_hal_can.c.obj
 .debug_aranges
                0x00000440       0xa8 CMakeFiles/M3508_F405RGT6.elf.dir/Drivers/STM32F4xx_HAL_Driver/Src/stm32f4xx_hal_cortex.c.obj
 .debug_aranges
                0x000004e8       0x90 CMakeFiles/M3508_F405RGT6.elf.dir/Drivers/STM32F4xx_HAL_Driver/Src/stm32f4xx_hal_dma.c.obj
 .debug_aranges
                0x00000578       0x58 CMakeFiles/M3508_F405RGT6.elf.dir/Drivers/STM32F4xx_HAL_Driver/Src/stm32f4xx_hal_gpio.c.obj
 .debug_aranges
                0x000005d0       0x88 CMakeFiles/M3508_F405RGT6.elf.dir/Drivers/STM32F4xx_HAL_Driver/Src/stm32f4xx_hal_rcc.c.obj
 .debug_aranges
                0x00000658      0x3d0 CMakeFiles/M3508_F405RGT6.elf.dir/Drivers/STM32F4xx_HAL_Driver/Src/stm32f4xx_hal_tim.c.obj
 .debug_aranges
                0x00000a28      0x168 CMakeFiles/M3508_F405RGT6.elf.dir/Drivers/STM32F4xx_HAL_Driver/Src/stm32f4xx_hal_tim_ex.c.obj
 .debug_aranges
                0x00000b90      0x200 CMakeFiles/M3508_F405RGT6.elf.dir/Drivers/STM32F4xx_HAL_Driver/Src/stm32f4xx_hal_uart.c.obj
 .debug_aranges
                0x00000d90       0x30 CMakeFiles/M3508_F405RGT6.elf.dir/User/ADRC/ADRC.c.obj
 .debug_aranges
                0x00000dc0       0x40 CMakeFiles/M3508_F405RGT6.elf.dir/User/CAN_Recv/CAN_Recv.c.obj
 .debug_aranges
                0x00000e00       0x70 CMakeFiles/M3508_F405RGT6.elf.dir/User/PID/PID.c.obj

.debug_ranges   0x00000000      0xe08
 .debug_ranges  0x00000000       0x28 CMakeFiles/M3508_F405RGT6.elf.dir/Core/Src/can.c.obj
 .debug_ranges  0x00000028       0x10 CMakeFiles/M3508_F405RGT6.elf.dir/Core/Src/gpio.c.obj
 .debug_ranges  0x00000038       0x28 CMakeFiles/M3508_F405RGT6.elf.dir/Core/Src/main.c.obj
 .debug_ranges  0x00000060       0x10 CMakeFiles/M3508_F405RGT6.elf.dir/Core/Src/stm32f4xx_hal_msp.c.obj
 .debug_ranges  0x00000070       0x20 CMakeFiles/M3508_F405RGT6.elf.dir/Core/Src/stm32f4xx_hal_timebase_tim.c.obj
 .debug_ranges  0x00000090       0x68 CMakeFiles/M3508_F405RGT6.elf.dir/Core/Src/stm32f4xx_it.c.obj
 .debug_ranges  0x000000f8       0x10 CMakeFiles/M3508_F405RGT6.elf.dir/Core/Src/sysmem.c.obj
 .debug_ranges  0x00000108       0x18 CMakeFiles/M3508_F405RGT6.elf.dir/Core/Src/system_stm32f4xx.c.obj
 .debug_ranges  0x00000120       0x88 CMakeFiles/M3508_F405RGT6.elf.dir/Core/Src/usart.c.obj
 .debug_ranges  0x000001a8       0x20 CMakeFiles/M3508_F405RGT6.elf.dir/Core/Startup/startup_stm32f405rgtx.s.obj
 .debug_ranges  0x000001c8       0xe0 CMakeFiles/M3508_F405RGT6.elf.dir/Drivers/STM32F4xx_HAL_Driver/Src/stm32f4xx_hal.c.obj
 .debug_ranges  0x000002a8      0x128 CMakeFiles/M3508_F405RGT6.elf.dir/Drivers/STM32F4xx_HAL_Driver/Src/stm32f4xx_hal_can.c.obj
 .debug_ranges  0x000003d0       0xf8 CMakeFiles/M3508_F405RGT6.elf.dir/Drivers/STM32F4xx_HAL_Driver/Src/stm32f4xx_hal_cortex.c.obj
 .debug_ranges  0x000004c8       0x80 CMakeFiles/M3508_F405RGT6.elf.dir/Drivers/STM32F4xx_HAL_Driver/Src/stm32f4xx_hal_dma.c.obj
 .debug_ranges  0x00000548       0x48 CMakeFiles/M3508_F405RGT6.elf.dir/Drivers/STM32F4xx_HAL_Driver/Src/stm32f4xx_hal_gpio.c.obj
 .debug_ranges  0x00000590       0x90 CMakeFiles/M3508_F405RGT6.elf.dir/Drivers/STM32F4xx_HAL_Driver/Src/stm32f4xx_hal_rcc.c.obj
 .debug_ranges  0x00000620      0x3c0 CMakeFiles/M3508_F405RGT6.elf.dir/Drivers/STM32F4xx_HAL_Driver/Src/stm32f4xx_hal_tim.c.obj
 .debug_ranges  0x000009e0      0x158 CMakeFiles/M3508_F405RGT6.elf.dir/Drivers/STM32F4xx_HAL_Driver/Src/stm32f4xx_hal_tim_ex.c.obj
 .debug_ranges  0x00000b38      0x208 CMakeFiles/M3508_F405RGT6.elf.dir/Drivers/STM32F4xx_HAL_Driver/Src/stm32f4xx_hal_uart.c.obj
 .debug_ranges  0x00000d40       0x20 CMakeFiles/M3508_F405RGT6.elf.dir/User/ADRC/ADRC.c.obj
 .debug_ranges  0x00000d60       0x48 CMakeFiles/M3508_F405RGT6.elf.dir/User/CAN_Recv/CAN_Recv.c.obj
 .debug_ranges  0x00000da8       0x60 CMakeFiles/M3508_F405RGT6.elf.dir/User/PID/PID.c.obj

.debug_line     0x00000000    0x128d9
 .debug_line    0x00000000      0x5b5 CMakeFiles/M3508_F405RGT6.elf.dir/Core/Src/can.c.obj
 .debug_line    0x000005b5      0x26a CMakeFiles/M3508_F405RGT6.elf.dir/Core/Src/gpio.c.obj
 .debug_line    0x0000081f      0x60e CMakeFiles/M3508_F405RGT6.elf.dir/Core/Src/main.c.obj
 .debug_line    0x00000e2d      0x272 CMakeFiles/M3508_F405RGT6.elf.dir/Core/Src/stm32f4xx_hal_msp.c.obj
 .debug_line    0x0000109f      0x376 CMakeFiles/M3508_F405RGT6.elf.dir/Core/Src/stm32f4xx_hal_timebase_tim.c.obj
 .debug_line    0x00001415      0x427 CMakeFiles/M3508_F405RGT6.elf.dir/Core/Src/stm32f4xx_it.c.obj
 .debug_line    0x0000183c      0x1b2 CMakeFiles/M3508_F405RGT6.elf.dir/Core/Src/sysmem.c.obj
 .debug_line    0x000019ee      0x2f2 CMakeFiles/M3508_F405RGT6.elf.dir/Core/Src/system_stm32f4xx.c.obj
 .debug_line    0x00001ce0      0xa0e CMakeFiles/M3508_F405RGT6.elf.dir/Core/Src/usart.c.obj
 .debug_line    0x000026ee       0xaf CMakeFiles/M3508_F405RGT6.elf.dir/Core/Startup/startup_stm32f405rgtx.s.obj
 .debug_line    0x0000279d      0x5d1 CMakeFiles/M3508_F405RGT6.elf.dir/Drivers/STM32F4xx_HAL_Driver/Src/stm32f4xx_hal.c.obj
 .debug_line    0x00002d6e     0x1182 CMakeFiles/M3508_F405RGT6.elf.dir/Drivers/STM32F4xx_HAL_Driver/Src/stm32f4xx_hal_can.c.obj
 .debug_line    0x00003ef0      0x80e CMakeFiles/M3508_F405RGT6.elf.dir/Drivers/STM32F4xx_HAL_Driver/Src/stm32f4xx_hal_cortex.c.obj
 .debug_line    0x000046fe      0xeba CMakeFiles/M3508_F405RGT6.elf.dir/Drivers/STM32F4xx_HAL_Driver/Src/stm32f4xx_hal_dma.c.obj
 .debug_line    0x000055b8      0x79b CMakeFiles/M3508_F405RGT6.elf.dir/Drivers/STM32F4xx_HAL_Driver/Src/stm32f4xx_hal_gpio.c.obj
 .debug_line    0x00005d53      0xb9e CMakeFiles/M3508_F405RGT6.elf.dir/Drivers/STM32F4xx_HAL_Driver/Src/stm32f4xx_hal_rcc.c.obj
 .debug_line    0x000068f1     0x4b63 CMakeFiles/M3508_F405RGT6.elf.dir/Drivers/STM32F4xx_HAL_Driver/Src/stm32f4xx_hal_tim.c.obj
 .debug_line    0x0000b454     0x1d86 CMakeFiles/M3508_F405RGT6.elf.dir/Drivers/STM32F4xx_HAL_Driver/Src/stm32f4xx_hal_tim_ex.c.obj
 .debug_line    0x0000d1da     0x4680 CMakeFiles/M3508_F405RGT6.elf.dir/Drivers/STM32F4xx_HAL_Driver/Src/stm32f4xx_hal_uart.c.obj
 .debug_line    0x0001185a      0x173 CMakeFiles/M3508_F405RGT6.elf.dir/User/ADRC/ADRC.c.obj
 .debug_line    0x000119cd      0x543 CMakeFiles/M3508_F405RGT6.elf.dir/User/CAN_Recv/CAN_Recv.c.obj
 .debug_line    0x00011f10      0x9c9 CMakeFiles/M3508_F405RGT6.elf.dir/User/PID/PID.c.obj

.debug_str      0x00000000     0x5099
 .debug_str     0x00000000      0xc63 CMakeFiles/M3508_F405RGT6.elf.dir/Core/Src/can.c.obj
                                0xcf5 (size before relaxing)
 .debug_str     0x00000c63       0x47 CMakeFiles/M3508_F405RGT6.elf.dir/Core/Src/gpio.c.obj
                                0x456 (size before relaxing)
 .debug_str     0x00000caa      0xe9a CMakeFiles/M3508_F405RGT6.elf.dir/Core/Src/main.c.obj
                               0x1647 (size before relaxing)
 .debug_str     0x00001b44       0x53 CMakeFiles/M3508_F405RGT6.elf.dir/Core/Src/stm32f4xx_hal_msp.c.obj
                                0x462 (size before relaxing)
 .debug_str     0x00001b97      0x125 CMakeFiles/M3508_F405RGT6.elf.dir/Core/Src/stm32f4xx_hal_timebase_tim.c.obj
                                0xf7b (size before relaxing)
 .debug_str     0x00001cbc      0x14b CMakeFiles/M3508_F405RGT6.elf.dir/Core/Src/stm32f4xx_it.c.obj
                                0xde1 (size before relaxing)
 .debug_str     0x00001e07       0xbb CMakeFiles/M3508_F405RGT6.elf.dir/Core/Src/sysmem.c.obj
                                0x68f (size before relaxing)
 .debug_str     0x00001ec2       0xd6 CMakeFiles/M3508_F405RGT6.elf.dir/Core/Src/system_stm32f4xx.c.obj
                                0x48c (size before relaxing)
 .debug_str     0x00001f98      0x166 CMakeFiles/M3508_F405RGT6.elf.dir/Core/Src/usart.c.obj
                               0x14eb (size before relaxing)
 .debug_str     0x000020fe       0x5d CMakeFiles/M3508_F405RGT6.elf.dir/Core/Startup/startup_stm32f405rgtx.s.obj
                                 0x99 (size before relaxing)
 .debug_str     0x0000215b      0x2a1 CMakeFiles/M3508_F405RGT6.elf.dir/Drivers/STM32F4xx_HAL_Driver/Src/stm32f4xx_hal.c.obj
                                0xbfd (size before relaxing)
 .debug_str     0x000023fc      0x56b CMakeFiles/M3508_F405RGT6.elf.dir/Drivers/STM32F4xx_HAL_Driver/Src/stm32f4xx_hal_can.c.obj
                                0xb8e (size before relaxing)
 .debug_str     0x00002967      0x454 CMakeFiles/M3508_F405RGT6.elf.dir/Drivers/STM32F4xx_HAL_Driver/Src/stm32f4xx_hal_cortex.c.obj
                                0xd3c (size before relaxing)
 .debug_str     0x00002dbb      0x323 CMakeFiles/M3508_F405RGT6.elf.dir/Drivers/STM32F4xx_HAL_Driver/Src/stm32f4xx_hal_dma.c.obj
                                0x8a9 (size before relaxing)
 .debug_str     0x000030de      0x17d CMakeFiles/M3508_F405RGT6.elf.dir/Drivers/STM32F4xx_HAL_Driver/Src/stm32f4xx_hal_gpio.c.obj
                                0x623 (size before relaxing)
 .debug_str     0x0000325b      0x184 CMakeFiles/M3508_F405RGT6.elf.dir/Drivers/STM32F4xx_HAL_Driver/Src/stm32f4xx_hal_rcc.c.obj
                                0x801 (size before relaxing)
 .debug_str     0x000033df      0xece CMakeFiles/M3508_F405RGT6.elf.dir/Drivers/STM32F4xx_HAL_Driver/Src/stm32f4xx_hal_tim.c.obj
                               0x180e (size before relaxing)
 .debug_str     0x000042ad      0x5bb CMakeFiles/M3508_F405RGT6.elf.dir/Drivers/STM32F4xx_HAL_Driver/Src/stm32f4xx_hal_tim_ex.c.obj
                               0x100f (size before relaxing)
 .debug_str     0x00004868      0x5cc CMakeFiles/M3508_F405RGT6.elf.dir/Drivers/STM32F4xx_HAL_Driver/Src/stm32f4xx_hal_uart.c.obj
                                0xe8b (size before relaxing)
 .debug_str     0x00004e34       0x4e CMakeFiles/M3508_F405RGT6.elf.dir/User/ADRC/ADRC.c.obj
                                0x1dd (size before relaxing)
 .debug_str     0x00004e82      0x15c CMakeFiles/M3508_F405RGT6.elf.dir/User/CAN_Recv/CAN_Recv.c.obj
                                0x931 (size before relaxing)
 .debug_str     0x00004fde       0xbb CMakeFiles/M3508_F405RGT6.elf.dir/User/PID/PID.c.obj
                                0xa90 (size before relaxing)

.comment        0x00000000       0x79
 .comment       0x00000000       0x79 CMakeFiles/M3508_F405RGT6.elf.dir/Core/Src/can.c.obj
                                 0x7a (size before relaxing)
 .comment       0x00000079       0x7a CMakeFiles/M3508_F405RGT6.elf.dir/Core/Src/gpio.c.obj
 .comment       0x00000079       0x7a CMakeFiles/M3508_F405RGT6.elf.dir/Core/Src/main.c.obj
 .comment       0x00000079       0x7a CMakeFiles/M3508_F405RGT6.elf.dir/Core/Src/stm32f4xx_hal_msp.c.obj
 .comment       0x00000079       0x7a CMakeFiles/M3508_F405RGT6.elf.dir/Core/Src/stm32f4xx_hal_timebase_tim.c.obj
 .comment       0x00000079       0x7a CMakeFiles/M3508_F405RGT6.elf.dir/Core/Src/stm32f4xx_it.c.obj
 .comment       0x00000079       0x7a CMakeFiles/M3508_F405RGT6.elf.dir/Core/Src/sysmem.c.obj
 .comment       0x00000079       0x7a CMakeFiles/M3508_F405RGT6.elf.dir/Core/Src/system_stm32f4xx.c.obj
 .comment       0x00000079       0x7a CMakeFiles/M3508_F405RGT6.elf.dir/Core/Src/usart.c.obj
 .comment       0x00000079       0x7a CMakeFiles/M3508_F405RGT6.elf.dir/Drivers/STM32F4xx_HAL_Driver/Src/stm32f4xx_hal.c.obj
 .comment       0x00000079       0x7a CMakeFiles/M3508_F405RGT6.elf.dir/Drivers/STM32F4xx_HAL_Driver/Src/stm32f4xx_hal_can.c.obj
 .comment       0x00000079       0x7a CMakeFiles/M3508_F405RGT6.elf.dir/Drivers/STM32F4xx_HAL_Driver/Src/stm32f4xx_hal_cortex.c.obj
 .comment       0x00000079       0x7a CMakeFiles/M3508_F405RGT6.elf.dir/Drivers/STM32F4xx_HAL_Driver/Src/stm32f4xx_hal_dma.c.obj
 .comment       0x00000079       0x7a CMakeFiles/M3508_F405RGT6.elf.dir/Drivers/STM32F4xx_HAL_Driver/Src/stm32f4xx_hal_gpio.c.obj
 .comment       0x00000079       0x7a CMakeFiles/M3508_F405RGT6.elf.dir/Drivers/STM32F4xx_HAL_Driver/Src/stm32f4xx_hal_rcc.c.obj
 .comment       0x00000079       0x7a CMakeFiles/M3508_F405RGT6.elf.dir/Drivers/STM32F4xx_HAL_Driver/Src/stm32f4xx_hal_tim.c.obj
 .comment       0x00000079       0x7a CMakeFiles/M3508_F405RGT6.elf.dir/Drivers/STM32F4xx_HAL_Driver/Src/stm32f4xx_hal_tim_ex.c.obj
 .comment       0x00000079       0x7a CMakeFiles/M3508_F405RGT6.elf.dir/Drivers/STM32F4xx_HAL_Driver/Src/stm32f4xx_hal_uart.c.obj
 .comment       0x00000079       0x7a CMakeFiles/M3508_F405RGT6.elf.dir/User/ADRC/ADRC.c.obj
 .comment       0x00000079       0x7a CMakeFiles/M3508_F405RGT6.elf.dir/User/CAN_Recv/CAN_Recv.c.obj
 .comment       0x00000079       0x7a CMakeFiles/M3508_F405RGT6.elf.dir/User/PID/PID.c.obj

.debug_frame    0x00000000     0x323c
 .debug_frame   0x00000000       0x78 CMakeFiles/M3508_F405RGT6.elf.dir/Core/Src/can.c.obj
 .debug_frame   0x00000078       0x28 CMakeFiles/M3508_F405RGT6.elf.dir/Core/Src/gpio.c.obj
 .debug_frame   0x000000a0       0x7c CMakeFiles/M3508_F405RGT6.elf.dir/Core/Src/main.c.obj
 .debug_frame   0x0000011c       0x28 CMakeFiles/M3508_F405RGT6.elf.dir/Core/Src/stm32f4xx_hal_msp.c.obj
 .debug_frame   0x00000144       0x54 CMakeFiles/M3508_F405RGT6.elf.dir/Core/Src/stm32f4xx_hal_timebase_tim.c.obj
 .debug_frame   0x00000198       0xe8 CMakeFiles/M3508_F405RGT6.elf.dir/Core/Src/stm32f4xx_it.c.obj
 .debug_frame   0x00000280       0x28 CMakeFiles/M3508_F405RGT6.elf.dir/Core/Src/sysmem.c.obj